BL51 BANKED LINKER/LOCATER V6.22.2.0                                                    09/28/2022  13:50:18  PAGE 1


BL51 BANKED LINKER/LOCATER V6.22.2.0, INVOKED BY:
F:\KEIL_V5\C51\BIN\BL51.EXE .\Objects\main.obj, .\Objects\LED.obj, .\Objects\RCC.obj, .\Objects\EXTI.obj, .\Objects\EEPR
>> OM.obj, .\Objects\ADC.obj, .\Objects\DELAY.obj, .\Objects\TIMER.obj, .\Objects\IIC.obj, .\Objects\VEML7700.obj, .\Obj
>> ects\OLED.obj, .\Objects\AE.obj, .\Objects\STATE_MACHINE.obj TO .\Objects\Light_Meter REGFILE (.\Objects\Light_Meter.
>> ORC) PRINT (.\Listings\Light_Meter.m51) RAMSIZE (256)


MEMORY MODEL: LARGE WITH FLOATING POINT ARITHMETIC


INPUT MODULES INCLUDED:
  .\Objects\main.obj (MAIN)
  .\Objects\LED.obj (LED)
  .\Objects\RCC.obj (RCC)
  .\Objects\EXTI.obj (EXTI)
  .\Objects\EEPROM.obj (EEPROM)
  .\Objects\ADC.obj (ADC)
  .\Objects\DELAY.obj (DELAY)
  .\Objects\TIMER.obj (TIMER)
  .\Objects\IIC.obj (IIC)
  .\Objects\VEML7700.obj (VEML7700)
  .\Objects\OLED.obj (OLED)
  .\Objects\AE.obj (AE)
  .\Objects\STATE_MACHINE.obj (STATE_MACHINE)
  F:\KEIL_V5\C51\LIB\C51FPL.LIB (?C?FPADD)
  F:\KEIL_V5\C51\LIB\C51FPL.LIB (?C?FPMUL)
  F:\KEIL_V5\C51\LIB\C51FPL.LIB (?C?FPDIV)
  F:\KEIL_V5\C51\LIB\C51FPL.LIB (?C?FPCMP)
  F:\KEIL_V5\C51\LIB\C51FPL.LIB (?C?FCAST)
  F:\KEIL_V5\C51\LIB\C51FPL.LIB (?C?CASTF)
  F:\KEIL_V5\C51\LIB\C51FPL.LIB (SQRT)
  F:\KEIL_V5\C51\LIB\C51FPL.LIB (?C?FPGETOPN)
  F:\KEIL_V5\C51\LIB\C51L.LIB (?C_STARTUP)
  F:\KEIL_V5\C51\LIB\C51L.LIB (?C?COPY)
  F:\KEIL_V5\C51\LIB\C51L.LIB (?C?CLDOPTR)
  F:\KEIL_V5\C51\LIB\C51L.LIB (?C?CSTPTR)
  F:\KEIL_V5\C51\LIB\C51L.LIB (?C?CSTOPTR)
  F:\KEIL_V5\C51\LIB\C51L.LIB (?C?UIDIV)
  F:\KEIL_V5\C51\LIB\C51L.LIB (?C?IILDX)
  F:\KEIL_V5\C51\LIB\C51L.LIB (?C?LNEG)
  F:\KEIL_V5\C51\LIB\C51L.LIB (?C?LLDIDATA)
  F:\KEIL_V5\C51\LIB\C51L.LIB (?C?LLDXDATA)
  F:\KEIL_V5\C51\LIB\C51L.LIB (?C?LLDIDATA0)
  F:\KEIL_V5\C51\LIB\C51L.LIB (?C?LLDXDATA0)
  F:\KEIL_V5\C51\LIB\C51L.LIB (?C?LSTIDATA)
  F:\KEIL_V5\C51\LIB\C51L.LIB (?C?LSTXDATA)
  F:\KEIL_V5\C51\LIB\C51L.LIB (?C?LSTKXDATA)
  F:\KEIL_V5\C51\LIB\C51L.LIB (?C?PLDXDATA)
  F:\KEIL_V5\C51\LIB\C51L.LIB (?C?PSTXDATA)
  F:\KEIL_V5\C51\LIB\C51L.LIB (?C_INIT)


LINK MAP OF MODULE:  .\Objects\Light_Meter (MAIN)


            TYPE    BASE      LENGTH    RELOCATION   SEGMENT NAME
            -----------------------------------------------------

BL51 BANKED LINKER/LOCATER V6.22.2.0                                                  09/28/2022  13:50:18  PAGE 2


            * * * * * * *   D A T A   M E M O R Y   * * * * * * *
            REG     0000H     0008H     ABSOLUTE     "REG BANK 0"
            DATA    0008H     004CH     UNIT         _DATA_GROUP_
            IDATA   0054H     0001H     UNIT         ?STACK

            * * * * * * *  X D A T A   M E M O R Y  * * * * * * *
            XDATA   0000H     00B5H     UNIT         ?XD?AE
            XDATA   00B5H     0056H     UNIT         _XDATA_GROUP_
            XDATA   010BH     001DH     UNIT         ?XD?STATE_MACHINE
            XDATA   0128H     0006H     UNIT         ?XD?MAIN
            XDATA   012EH     0006H     UNIT         ?XD?EXTI
            XDATA   0134H     0001H     UNIT         ?XD?TIMER

            * * * * * * *   C O D E   M E M O R Y   * * * * * * *
            CODE    0000H     0003H     ABSOLUTE     
            CODE    0003H     0003H     ABSOLUTE     
            CODE    0006H     000CH     INBLOCK      ?PR?_CONTRAST_SET?OLED
                    0012H     0001H                  *** GAP ***
            CODE    0013H     0003H     ABSOLUTE     
            CODE    0016H     0039H     INBLOCK      ?PR?_ADC_CONVERT?ADC
                    004FH     0004H                  *** GAP ***
            CODE    0053H     0003H     ABSOLUTE     
            CODE    0056H     000CH     INBLOCK      ?PR?_ADDR_MODE_SET?OLED
                    0062H     0001H                  *** GAP ***
            CODE    0063H     0003H     ABSOLUTE     
            CODE    0066H     0632H     UNIT         ?C?LIB_CODE
            CODE    0698H     0138H     INBLOCK      ?PR?_ESAM_CALC_S_SPEED?AE
            CODE    07D0H     002EH     INBLOCK      ?PR?_IIC_WRITEBYTE?IIC
                    07FEH     0002H                  *** GAP ***
            CODE    0800H     03D0H     INBLOCK      ?PR?SM_RUN?STATE_MACHINE
            CODE    0BD0H     02F7H     INBLOCK      ?PR?LUX_CALC?VEML7700
            CODE    0EC7H     0130H     INBLOCK      ?PR?_ESAM_CALC_F_STOP?AE
            CODE    0FF7H     0007H     INBLOCK      ?PR?EEPROM_INIT?EEPROM
                    0FFEH     0002H                  *** GAP ***
            CODE    1000H     016AH     INBLOCK      ?PR?_OLED_DISP?OLED
            CODE    116AH     00D2H     INBLOCK      ?PR?AE
            CODE    123CH     00D1H     INBLOCK      ?PR?MAIN?MAIN
            CODE    130DH     00CEH     INBLOCK      ?PR?_INT_CONV?OLED
            CODE    13DBH     00B6H     INBLOCK      ?PR?_EEPROM_WRITE?EEPROM
            CODE    1491H     00ACH     UNIT         ?PR?SQRT?SQRT
            CODE    153DH     00A9H     INBLOCK      ?PR?_EEPROM_READ?EEPROM
            CODE    15E6H     00A4H     INBLOCK      ?PR?AE_INIT?AE
            CODE    168AH     009EH     INBLOCK      ?PR?STATE_MACHINE
            CODE    1728H     0090H     UNIT         ?CO?AE
            CODE    17B8H     008CH     UNIT         ?C_C51STARTUP
            CODE    1844H     0078H     INBLOCK      ?PR?_FLOAT_CONV?OLED
            CODE    18BCH     0072H     INBLOCK      ?PR?SM_INIT?STATE_MACHINE
            CODE    192EH     006AH     INBLOCK      ?PR?OLED
            CODE    1998H     0060H     INBLOCK      ?PR?OLED_INIT?OLED
            CODE    19F8H     005CH     INBLOCK      ?PR?INT1_ROUTINE?EXTI
            CODE    1A54H     005CH     INBLOCK      ?PR?INT2_ROUTINE?EXTI
            CODE    1AB0H     0050H     INBLOCK      ?PR?_VEML7700_READ?VEML7700
            CODE    1B00H     0045H     INBLOCK      ?PR?VEML7700
            CODE    1B45H     0041H     INBLOCK      ?PR?INT0_ROUTINE?EXTI
            CODE    1B86H     0038H     INBLOCK      ?PR?T2_ISR?TIMER
            CODE    1BBEH     0033H     INBLOCK      ?PR?OLED_CLEAR?OLED
            CODE    1BF1H     0032H     INBLOCK      ?PR?EEPROM
BL51 BANKED LINKER/LOCATER V6.22.2.0                                                  09/28/2022  13:50:18  PAGE 3


            CODE    1C23H     002EH     INBLOCK      ?PR?IIC_READBYTE?IIC
            CODE    1C51H     002DH     INBLOCK      ?PR?_VEML7700_WRITE?VEML7700
            CODE    1C7EH     002CH     INBLOCK      ?PR?IIC_WAITRESP?IIC
            CODE    1CAAH     002CH     INBLOCK      ?PR?_IIC_RESP?IIC
            CODE    1CD6H     0026H     INBLOCK      ?PR?_LED_BLINK?LED
            CODE    1CFCH     0025H     INBLOCK      ?PR?RCC_INIT?RCC
            CODE    1D21H     0025H     INBLOCK      ?PR?_ALS_IT?VEML7700
            CODE    1D46H     0021H     INBLOCK      ?PR?_OLED_WRITED?OLED
            CODE    1D67H     0021H     INBLOCK      ?PR?_OLED_WRITEC?OLED
            CODE    1D88H     001FH     INBLOCK      ?PR?_ALS_INT_EN?VEML7700
            CODE    1DA7H     001CH     INBLOCK      ?PR?_ALS_GAIN?VEML7700
            CODE    1DC3H     001AH     INBLOCK      ?PR?EXTI_INIT?EXTI
            CODE    1DDDH     0019H     INBLOCK      ?PR?_CHARGE_PUMP_SET?OLED
            CODE    1DF6H     0018H     INBLOCK      ?PR?_DELAYXMS?DELAY
            CODE    1E0EH     0017H     INBLOCK      ?PR?ADC_INIT?ADC
            CODE    1E25H     0017H     INBLOCK      ?PR?IIC_INIT?IIC
            CODE    1E3CH     0016H     UNIT         ?C_INITSEG
            CODE    1E52H     0015H     INBLOCK      ?PR?EXTI
            CODE    1E67H     0015H     INBLOCK      ?PR?T2_INIT?TIMER
            CODE    1E7CH     0013H     INBLOCK      ?PR?_COL_ADDR_SET?OLED
            CODE    1E8FH     0013H     INBLOCK      ?PR?_PAGE_ADDR_SET?OLED
            CODE    1EA2H     0012H     INBLOCK      ?PR?_LED_SET?LED
            CODE    1EB4H     0012H     INBLOCK      ?PR?LED_CONFIG?LED
            CODE    1EC6H     0012H     INBLOCK      ?PR?_ENTIRE_DISP_ON_OFF?OLED
            CODE    1ED8H     0012H     INBLOCK      ?PR?_DISP_NOR_INV?OLED
            CODE    1EEAH     0012H     INBLOCK      ?PR?_DISP_ON_OFF?OLED
            CODE    1EFCH     0012H     INBLOCK      ?PR?_SEG_RE_MAP?OLED
            CODE    1F0EH     0012H     INBLOCK      ?PR?_COM_SCAN_DIR_SET?OLED
            CODE    1F20H     0011H     INBLOCK      ?PR?_DCLK_FOSC_SET?OLED
            CODE    1F31H     0011H     INBLOCK      ?PR?_PRE_CHARGE_PERIOD_SET?OLED
            CODE    1F42H     0010H     INBLOCK      ?PR?_COM_PIN_HW_CONFIG?OLED
            CODE    1F52H     000FH     INBLOCK      ?PR?MAIN
            CODE    1F61H     000FH     INBLOCK      ?PR?IIC_START?IIC
            CODE    1F70H     000FH     INBLOCK      ?PR?IIC_STOP?IIC
            CODE    1F7FH     000FH     INBLOCK      ?PR?_ALS_SD?VEML7700
            CODE    1F8EH     000FH     INBLOCK      ?PR?_PSM_EN?VEML7700
            CODE    1F9DH     000EH     INBLOCK      ?PR?_VCOMH_DESELECT_LEVEL_SET?OLED
            CODE    1FABH     000CH     INBLOCK      ?PR?_MUX_SET?OLED
            CODE    1FB7H     000CH     INBLOCK      ?PR?_DISP_OFFSET_SET?OLED
            CODE    1FC3H     000AH     INBLOCK      ?PR?DELAY1MS?DELAY
            CODE    1FCDH     000AH     INBLOCK      ?PR?VEML7700_INIT?VEML7700
            CODE    1FD7H     0007H     INBLOCK      ?PR?_DISP_START_LINE_SET?OLED
            CODE    1FDEH     0006H     INBLOCK      ?PR?DELAY2US?DELAY
            CODE    1FE4H     0005H     INBLOCK      ?PR?ALS_DATA_READ?VEML7700



OVERLAY MAP OF MODULE:   .\Objects\Light_Meter (MAIN)


SEGMENT                                      DATA_GROUP          XDATA_GROUP
  +--> CALLED SEGMENT                      START    LENGTH     START    LENGTH
------------------------------------------------------------------------------
?PR?INT0_ROUTINE?EXTI                      -----    -----      -----    -----
  +--> ?PR?EXTI

*** NEW ROOT ***************************************************
BL51 BANKED LINKER/LOCATER V6.22.2.0                                                  09/28/2022  13:50:18  PAGE 4



?PR?INT1_ROUTINE?EXTI                      -----    -----      -----    -----
  +--> ?PR?EXTI
  +--> ?PR?_LED_BLINK?LED

?PR?_LED_BLINK?LED                         -----    -----      -----    -----
  +--> ?PR?_LED_SET?LED
  +--> ?PR?_DELAYXMS?DELAY

?PR?_DELAYXMS?DELAY                        -----    -----      -----    -----
  +--> ?PR?DELAY1MS?DELAY

*** NEW ROOT ***************************************************

?PR?INT2_ROUTINE?EXTI                      -----    -----      -----    -----
  +--> ?PR?EXTI
  +--> ?PR?_LED_BLINK?LED

*** NEW ROOT ***************************************************

?C_C51STARTUP                              -----    -----      -----    -----
  +--> ?PR?MAIN?MAIN
  +--> ?C_INITSEG

?PR?MAIN?MAIN                              -----    -----      -----    -----
  +--> ?PR?RCC_INIT?RCC
  +--> ?PR?ADC_INIT?ADC
  +--> ?PR?EEPROM_INIT?EEPROM
  +--> ?PR?IIC_INIT?IIC
  +--> ?PR?OLED_INIT?OLED
  +--> ?PR?_OLED_DISP?OLED
  +--> ?PR?_DELAYXMS?DELAY
  +--> ?PR?_ADC_CONVERT?ADC
  +--> ?PR?MAIN
  +--> ?PR?LED_CONFIG?LED
  +--> ?PR?VEML7700_INIT?VEML7700
  +--> ?PR?AE_INIT?AE
  +--> ?PR?SM_INIT?STATE_MACHINE
  +--> ?PR?T2_INIT?TIMER
  +--> ?PR?EXTI_INIT?EXTI
  +--> ?PR?SM_RUN?STATE_MACHINE

?PR?IIC_INIT?IIC                           -----    -----      -----    -----
  +--> ?PR?DELAY2US?DELAY

?PR?OLED_INIT?OLED                         -----    -----      -----    -----
  +--> ?PR?_DISP_ON_OFF?OLED
  +--> ?PR?_DCLK_FOSC_SET?OLED
  +--> ?PR?_MUX_SET?OLED
  +--> ?PR?_DISP_OFFSET_SET?OLED
  +--> ?PR?_DISP_START_LINE_SET?OLED
  +--> ?PR?_CHARGE_PUMP_SET?OLED
  +--> ?PR?_SEG_RE_MAP?OLED
  +--> ?PR?_COM_SCAN_DIR_SET?OLED
  +--> ?PR?_COM_PIN_HW_CONFIG?OLED
  +--> ?PR?_CONTRAST_SET?OLED
  +--> ?PR?_PRE_CHARGE_PERIOD_SET?OLED
BL51 BANKED LINKER/LOCATER V6.22.2.0                                                  09/28/2022  13:50:18  PAGE 5


  +--> ?PR?_VCOMH_DESELECT_LEVEL_SET?OLED
  +--> ?PR?_ENTIRE_DISP_ON_OFF?OLED
  +--> ?PR?_DISP_NOR_INV?OLED
  +--> ?PR?OLED_CLEAR?OLED
  +--> ?PR?_DELAYXMS?DELAY

?PR?_DISP_ON_OFF?OLED                      -----    -----      -----    -----
  +--> ?PR?_OLED_WRITEC?OLED

?PR?_OLED_WRITEC?OLED                      -----    -----      -----    -----
  +--> ?PR?IIC_START?IIC
  +--> ?PR?_IIC_WRITEBYTE?IIC
  +--> ?PR?IIC_WAITRESP?IIC
  +--> ?PR?IIC_STOP?IIC

?PR?IIC_START?IIC                          -----    -----      -----    -----
  +--> ?PR?DELAY2US?DELAY

?PR?_IIC_WRITEBYTE?IIC                     -----    -----      -----    -----
  +--> ?PR?DELAY2US?DELAY

?PR?IIC_WAITRESP?IIC                       -----    -----      -----    -----
  +--> ?PR?DELAY2US?DELAY

?PR?IIC_STOP?IIC                           -----    -----      -----    -----
  +--> ?PR?DELAY2US?DELAY

?PR?_DCLK_FOSC_SET?OLED                    -----    -----      -----    -----
  +--> ?PR?_OLED_WRITEC?OLED
  +--> ?PR?OLED

?PR?_MUX_SET?OLED                          -----    -----      -----    -----
  +--> ?PR?_OLED_WRITEC?OLED

?PR?_DISP_OFFSET_SET?OLED                  -----    -----      -----    -----
  +--> ?PR?_OLED_WRITEC?OLED

?PR?_DISP_START_LINE_SET?OLED              -----    -----      -----    -----
  +--> ?PR?_OLED_WRITEC?OLED

?PR?_CHARGE_PUMP_SET?OLED                  -----    -----      -----    -----
  +--> ?PR?_OLED_WRITEC?OLED

?PR?_SEG_RE_MAP?OLED                       -----    -----      -----    -----
  +--> ?PR?_OLED_WRITEC?OLED

?PR?_COM_SCAN_DIR_SET?OLED                 -----    -----      -----    -----
  +--> ?PR?_OLED_WRITEC?OLED

?PR?_COM_PIN_HW_CONFIG?OLED                -----    -----      -----    -----
  +--> ?PR?_OLED_WRITEC?OLED
  +--> ?PR?OLED

?PR?_CONTRAST_SET?OLED                     -----    -----      -----    -----
  +--> ?PR?_OLED_WRITEC?OLED

?PR?_PRE_CHARGE_PERIOD_SET?OLED            -----    -----      -----    -----
BL51 BANKED LINKER/LOCATER V6.22.2.0                                                  09/28/2022  13:50:18  PAGE 6


  +--> ?PR?_OLED_WRITEC?OLED
  +--> ?PR?OLED

?PR?_VCOMH_DESELECT_LEVEL_SET?OLED         -----    -----      -----    -----
  +--> ?PR?_OLED_WRITEC?OLED
  +--> ?PR?OLED

?PR?_ENTIRE_DISP_ON_OFF?OLED               -----    -----      -----    -----
  +--> ?PR?_OLED_WRITEC?OLED

?PR?_DISP_NOR_INV?OLED                     -----    -----      -----    -----
  +--> ?PR?_OLED_WRITEC?OLED

?PR?OLED_CLEAR?OLED                        -----    -----      -----    -----
  +--> ?PR?_ADDR_MODE_SET?OLED
  +--> ?PR?_COL_ADDR_SET?OLED
  +--> ?PR?_PAGE_ADDR_SET?OLED
  +--> ?PR?OLED
  +--> ?PR?_OLED_WRITED?OLED

?PR?_ADDR_MODE_SET?OLED                    -----    -----      -----    -----
  +--> ?PR?_OLED_WRITEC?OLED

?PR?_COL_ADDR_SET?OLED                     -----    -----      -----    -----
  +--> ?PR?_OLED_WRITEC?OLED

?PR?_PAGE_ADDR_SET?OLED                    -----    -----      -----    -----
  +--> ?PR?_OLED_WRITEC?OLED

?PR?_OLED_WRITED?OLED                      -----    -----      -----    -----
  +--> ?PR?IIC_START?IIC
  +--> ?PR?_IIC_WRITEBYTE?IIC
  +--> ?PR?IIC_WAITRESP?IIC
  +--> ?PR?IIC_STOP?IIC

?PR?_OLED_DISP?OLED                        -----    -----      00B9H    0048H
  +--> ?PR?OLED_CLEAR?OLED
  +--> ?PR?_ADDR_MODE_SET?OLED
  +--> ?PR?_PAGE_ADDR_SET?OLED
  +--> ?PR?_COL_ADDR_SET?OLED
  +--> ?PR?OLED
  +--> ?PR?_EEPROM_READ?EEPROM
  +--> ?PR?_OLED_WRITED?OLED

?PR?_EEPROM_READ?EEPROM                    -----    -----      0101H    000AH
  +--> ?PR?EEPROM

?PR?_ADC_CONVERT?ADC                       -----    -----      -----    -----
  +--> ?PR?_DELAYXMS?DELAY

?PR?LED_CONFIG?LED                         -----    -----      -----    -----
  +--> ?PR?_LED_SET?LED

?PR?VEML7700_INIT?VEML7700                 -----    -----      -----    -----
  +--> ?PR?_ALS_INT_EN?VEML7700
  +--> ?PR?_PSM_EN?VEML7700

BL51 BANKED LINKER/LOCATER V6.22.2.0                                                  09/28/2022  13:50:18  PAGE 7


?PR?_ALS_INT_EN?VEML7700                   -----    -----      -----    -----
  +--> ?PR?_VEML7700_READ?VEML7700
  +--> ?PR?_VEML7700_WRITE?VEML7700

?PR?_VEML7700_READ?VEML7700                -----    -----      -----    -----
  +--> ?PR?IIC_START?IIC
  +--> ?PR?_IIC_WRITEBYTE?IIC
  +--> ?PR?IIC_WAITRESP?IIC
  +--> ?PR?IIC_READBYTE?IIC
  +--> ?PR?_IIC_RESP?IIC
  +--> ?PR?IIC_STOP?IIC

?PR?IIC_READBYTE?IIC                       -----    -----      -----    -----
  +--> ?PR?DELAY2US?DELAY

?PR?_IIC_RESP?IIC                          -----    -----      -----    -----
  +--> ?PR?DELAY2US?DELAY

?PR?_VEML7700_WRITE?VEML7700               -----    -----      -----    -----
  +--> ?PR?IIC_START?IIC
  +--> ?PR?_IIC_WRITEBYTE?IIC
  +--> ?PR?IIC_WAITRESP?IIC
  +--> ?PR?IIC_STOP?IIC

?PR?_PSM_EN?VEML7700                       -----    -----      -----    -----
  +--> ?PR?_VEML7700_READ?VEML7700
  +--> ?PR?VEML7700
  +--> ?PR?_VEML7700_WRITE?VEML7700

?PR?AE_INIT?AE                             -----    -----      00B5H    0005H
  +--> ?PR?_EEPROM_READ?EEPROM
  +--> ?PR?AE

?PR?SM_INIT?STATE_MACHINE                  -----    -----      -----    -----
  +--> ?PR?STATE_MACHINE
  +--> ?PR?_EEPROM_READ?EEPROM

?PR?SM_RUN?STATE_MACHINE                   -----    -----      00B5H    0004H
  +--> ?PR?_ESAM_CALC_S_SPEED?AE
  +--> ?PR?_ESAM_CALC_F_STOP?AE
  +--> ?PR?STATE_MACHINE
  +--> ?PR?_DISP_NOR_INV?OLED
  +--> ?PR?_INT_CONV?OLED
  +--> ?PR?_FLOAT_CONV?OLED
  +--> ?PR?_OLED_DISP?OLED
  +--> ?PR?_EEPROM_WRITE?EEPROM

?PR?_ESAM_CALC_S_SPEED?AE                  0008H    004CH      00B9H    0003H
  +--> ?CO?AE
  +--> ?PR?AE
  +--> ?PR?LUX_CALC?VEML7700
  +--> ?PR?_LED_BLINK?LED

?PR?LUX_CALC?VEML7700                      -----    -----      00BCH    0008H
  +--> ?PR?_ALS_IT?VEML7700
  +--> ?PR?_ALS_GAIN?VEML7700
  +--> ?PR?_DELAYXMS?DELAY
BL51 BANKED LINKER/LOCATER V6.22.2.0                                                  09/28/2022  13:50:18  PAGE 8


  +--> ?PR?_ALS_SD?VEML7700
  +--> ?PR?VEML7700
  +--> ?PR?ALS_DATA_READ?VEML7700

?PR?_ALS_IT?VEML7700                       -----    -----      -----    -----
  +--> ?PR?_VEML7700_READ?VEML7700
  +--> ?PR?_VEML7700_WRITE?VEML7700

?PR?_ALS_GAIN?VEML7700                     -----    -----      -----    -----
  +--> ?PR?_VEML7700_READ?VEML7700
  +--> ?PR?_VEML7700_WRITE?VEML7700

?PR?_ALS_SD?VEML7700                       -----    -----      -----    -----
  +--> ?PR?_VEML7700_READ?VEML7700
  +--> ?PR?VEML7700
  +--> ?PR?_VEML7700_WRITE?VEML7700

?PR?ALS_DATA_READ?VEML7700                 -----    -----      -----    -----
  +--> ?PR?_VEML7700_READ?VEML7700

?PR?_ESAM_CALC_F_STOP?AE                   0008H    004CH      00B9H    0003H
  +--> ?CO?AE
  +--> ?PR?AE
  +--> ?PR?LUX_CALC?VEML7700
  +--> ?PR?_LED_BLINK?LED
  +--> ?PR?SQRT?SQRT

?PR?SQRT?SQRT                              -----    -----      00BCH    0004H

?PR?_INT_CONV?OLED                         -----    -----      00B9H    0006H
  +--> ?PR?OLED

?PR?_FLOAT_CONV?OLED                       -----    -----      00B9H    0009H
  +--> ?PR?OLED

?PR?_EEPROM_WRITE?EEPROM                   -----    -----      00B9H    000AH
  +--> ?PR?EEPROM



SYMBOL TABLE OF MODULE:  .\Objects\Light_Meter (MAIN)

  VALUE           TYPE          NAME
  ----------------------------------

  -------         MODULE        MAIN
  C:0000H         SYMBOL        _ICE_DUMMY_
  X:0128H         PUBLIC        temp_f
  D:0080H         PUBLIC        P0
  D:0090H         PUBLIC        P1
  D:00A0H         PUBLIC        P2
  D:00B0H         PUBLIC        P3
  D:00C0H         PUBLIC        P4
  D:00C8H         PUBLIC        P5
  D:00E8H         PUBLIC        P6
  D:00F8H         PUBLIC        P7
  X:012CH         PUBLIC        temp_u
BL51 BANKED LINKER/LOCATER V6.22.2.0                                                  09/28/2022  13:50:18  PAGE 9


  D:00A8H         PUBLIC        IE
  D:00B8H         PUBLIC        IP
  D:00D8H         PUBLIC        CCON
  C:123CH         PUBLIC        main
  D:0098H         PUBLIC        SCON
  D:0088H         PUBLIC        TCON
  D:00F0H         PUBLIC        B
  D:00E0H         PUBLIC        ACC
  D:00D0H         PUBLIC        PSW
  C:1F52H         SYMBOL        Com0004
  C:1F52H         SYMBOL        L?0005
  C:1F54H         SYMBOL        L?0006
  -------         PROC          COM0004
  -------         ENDPROC       COM0004
  -------         PROC          MAIN
  C:123CH         LINE#         19
  C:123CH         LINE#         20
  C:123CH         LINE#         22
  C:123FH         LINE#         23
  C:1242H         LINE#         24
  C:1245H         LINE#         25
  C:1248H         LINE#         26
  C:124BH         LINE#         29
  C:125AH         LINE#         30
  C:1261H         LINE#         33
  C:129EH         LINE#         34
  C:12BAH         LINE#         35
  C:12EFH         LINE#         38
  C:12F2H         LINE#         39
  C:12F5H         LINE#         40
  C:12F8H         LINE#         41
  C:12FBH         LINE#         42
  C:12FEH         LINE#         43
  C:1301H         LINE#         46
  C:1301H         LINE#         47
  C:1301H         LINE#         48
  C:1304H         LINE#         49
  C:130BH         LINE#         50
  -------         ENDPROC       MAIN
  -------         ENDMOD        MAIN

  -------         MODULE        LED
  C:0000H         SYMBOL        _ICE_DUMMY_
  D:0092H         PUBLIC        P1M0
  D:0091H         PUBLIC        P1M1
  D:0080H         PUBLIC        P0
  D:0090H         PUBLIC        P1
  D:00A0H         PUBLIC        P2
  D:00B0H         PUBLIC        P3
  D:00C0H         PUBLIC        P4
  D:00C8H         PUBLIC        P5
  D:00E8H         PUBLIC        P6
  D:00F8H         PUBLIC        P7
  D:00A8H         PUBLIC        IE
  C:1EB4H         PUBLIC        LED_Config
  D:00B8H         PUBLIC        IP
  C:1EA2H         SYMBOL        _LED_SET
BL51 BANKED LINKER/LOCATER V6.22.2.0                                                  09/28/2022  13:50:18  PAGE 10


  D:00D8H         PUBLIC        CCON
  C:1CD6H         PUBLIC        _LED_Blink
  B:0090H.1       PUBLIC        P11
  D:0098H         PUBLIC        SCON
  D:0088H         PUBLIC        TCON
  D:00F0H         PUBLIC        B
  D:00E0H         PUBLIC        ACC
  D:00D0H         PUBLIC        PSW
  -------         PROC          _LED_SET
  D:0007H         SYMBOL        LED_STATUS
  C:1EA2H         LINE#         10
  C:1EA2H         LINE#         11
  C:1EA2H         LINE#         12
  C:1EA8H         LINE#         13
  C:1EABH         LINE#         14
  C:1EB1H         LINE#         15
  C:1EB3H         LINE#         16
  -------         ENDPROC       _LED_SET
  -------         PROC          LED_CONFIG
  C:1EB4H         LINE#         24
  C:1EB4H         LINE#         25
  C:1EB4H         LINE#         26
  C:1EBBH         LINE#         27
  C:1EBEH         LINE#         28
  C:1EC1H         LINE#         29
  -------         ENDPROC       LED_CONFIG
  C:1CF1H         SYMBOL        L?0010
  -------         PROC          _LED_BLINK
  D:0003H         SYMBOL        num
  D:0082H         SYMBOL        dely
  -------         DO            
  D:0002H         SYMBOL        x
  -------         ENDDO         
  C:1CD6H         LINE#         41
  C:1CDCH         LINE#         42
  C:1CDCH         LINE#         45
  C:1CE3H         LINE#         46
  C:1CE3H         LINE#         47
  C:1CE5H         LINE#         48
  C:1CE8H         LINE#         49
  C:1CEAH         LINE#         50
  C:1CEDH         LINE#         51
  C:1CF0H         LINE#         52
  -------         ENDPROC       _LED_BLINK
  -------         ENDMOD        LED

  -------         MODULE        RCC
  C:0000H         SYMBOL        _ICE_DUMMY_
  D:0080H         PUBLIC        P0
  D:0090H         PUBLIC        P1
  D:00A0H         PUBLIC        P2
  D:00B0H         PUBLIC        P3
  D:00C0H         PUBLIC        P4
  D:00C8H         PUBLIC        P5
  D:00E8H         PUBLIC        P6
  D:00F8H         PUBLIC        P7
  D:00BAH         PUBLIC        P_SW2
BL51 BANKED LINKER/LOCATER V6.22.2.0                                                  09/28/2022  13:50:18  PAGE 11


  D:00A8H         PUBLIC        IE
  D:00B8H         PUBLIC        IP
  D:00D8H         PUBLIC        CCON
  D:0098H         PUBLIC        SCON
  D:0088H         PUBLIC        TCON
  D:00F0H         PUBLIC        B
  D:00E0H         PUBLIC        ACC
  C:1CFCH         PUBLIC        RCC_Init
  D:00D0H         PUBLIC        PSW
  -------         PROC          RCC_INIT
  C:1CFCH         LINE#         14
  C:1CFCH         LINE#         15
  C:1CFCH         LINE#         16
  C:1CFFH         LINE#         17
  C:1D04H         LINE#         18
  C:1D0BH         LINE#         19
  C:1D13H         LINE#         20
  C:1D19H         LINE#         21
  C:1D20H         LINE#         22
  -------         ENDPROC       RCC_INIT
  -------         ENDMOD        RCC

  -------         MODULE        EXTI
  C:0000H         SYMBOL        _ICE_DUMMY_
  D:0080H         PUBLIC        P0
  D:00B2H         PUBLIC        P3M0
  D:0090H         PUBLIC        P1
  D:00B1H         PUBLIC        P3M1
  D:00A0H         PUBLIC        P2
  D:00B0H         PUBLIC        P3
  D:00C0H         PUBLIC        P4
  D:00C8H         PUBLIC        P5
  B:00A8H.7       PUBLIC        EA
  D:00E8H         PUBLIC        P6
  D:00F8H         PUBLIC        P7
  D:00A8H         PUBLIC        IE
  D:00B8H         PUBLIC        IP
  D:00D8H         PUBLIC        CCON
  C:1DC3H         PUBLIC        EXTI_Init
  D:0098H         PUBLIC        SCON
  D:0088H         PUBLIC        TCON
  D:00F0H         PUBLIC        B
  D:008EH         PUBLIC        AUXR
  X:012EH         PUBLIC        key_flag
  D:00E0H         PUBLIC        ACC
  B:00A8H.0       PUBLIC        EX0
  B:0088H.0       PUBLIC        IT0
  B:00A8H.2       PUBLIC        EX1
  B:0088H.2       PUBLIC        IT1
  D:00D6H         PUBLIC        TH2
  D:00D7H         PUBLIC        TL2
  D:00B7H         PUBLIC        IPH
  C:1B45H         PUBLIC        INT0_Routine
  C:19F8H         PUBLIC        INT1_Routine
  C:1A54H         PUBLIC        INT2_Routine
  D:008FH         PUBLIC        INT_CLKO
  D:00D0H         PUBLIC        PSW
BL51 BANKED LINKER/LOCATER V6.22.2.0                                                  09/28/2022  13:50:18  PAGE 12


  C:1E52H         SYMBOL        Com0011
  C:1E52H         SYMBOL        L?0018
  C:1E52H         SYMBOL        L?0019
  C:1E60H         SYMBOL        L?0020
  C:1E60H         SYMBOL        L?0021
  -------         PROC          COM0011
  -------         ENDPROC       COM0011
  -------         PROC          EXTI_INIT
  C:1DC3H         LINE#         14
  C:1DC3H         LINE#         15
  C:1DC3H         LINE#         16
  C:1DC5H         LINE#         17
  C:1DC7H         LINE#         19
  C:1DC9H         LINE#         20
  C:1DCBH         LINE#         22
  C:1DCEH         LINE#         23
  C:1DD1H         LINE#         25
  C:1DD4H         LINE#         27
  C:1DD7H         LINE#         28
  C:1DDAH         LINE#         30
  C:1DDCH         LINE#         31
  -------         ENDPROC       EXTI_INIT
  -------         PROC          INT0_ROUTINE
  C:1B45H         LINE#         39
  C:1B54H         LINE#         41
  C:1B5FH         LINE#         42
  C:1B5FH         LINE#         43
  C:1B5FH         LINE#         44
  C:1B5FH         LINE#         45
  C:1B5FH         LINE#         46
  C:1B64H         LINE#         47
  C:1B69H         LINE#         48
  C:1B6EH         LINE#         49
  C:1B70H         LINE#         50
  C:1B74H         LINE#         51
  C:1B74H         LINE#         52
  C:1B74H         LINE#         53
  C:1B79H         LINE#         54
  C:1B79H         LINE#         55
  -------         ENDPROC       INT0_ROUTINE
  -------         PROC          INT1_ROUTINE
  C:19F8H         LINE#         63
  C:1A11H         LINE#         65
  C:1A1AH         LINE#         66
  C:1A1AH         LINE#         67
  C:1A1AH         LINE#         68
  C:1A1AH         LINE#         69
  C:1A1AH         LINE#         70
  C:1A1FH         LINE#         71
  C:1A1FH         LINE#         72
  C:1A27H         LINE#         73
  C:1A2DH         LINE#         74
  C:1A2DH         LINE#         75
  C:1A32H         LINE#         76
  C:1A34H         LINE#         77
  C:1A37H         LINE#         78
  C:1A37H         LINE#         79
BL51 BANKED LINKER/LOCATER V6.22.2.0                                                  09/28/2022  13:50:18  PAGE 13


  C:1A37H         LINE#         80
  C:1A3DH         LINE#         81
  C:1A3DH         LINE#         82
  -------         ENDPROC       INT1_ROUTINE
  -------         PROC          INT2_ROUTINE
  C:1A54H         LINE#         90
  C:1A6DH         LINE#         92
  C:1A76H         LINE#         93
  C:1A76H         LINE#         94
  C:1A76H         LINE#         95
  C:1A76H         LINE#         96
  C:1A76H         LINE#         97
  C:1A7BH         LINE#         98
  C:1A7BH         LINE#         99
  C:1A83H         LINE#         100
  C:1A89H         LINE#         101
  C:1A89H         LINE#         102
  C:1A8EH         LINE#         103
  C:1A90H         LINE#         104
  C:1A93H         LINE#         105
  C:1A93H         LINE#         106
  C:1A93H         LINE#         107
  C:1A99H         LINE#         108
  C:1A99H         LINE#         109
  -------         ENDPROC       INT2_ROUTINE
  -------         ENDMOD        EXTI

  -------         MODULE        EEPROM
  C:0000H         SYMBOL        _ICE_DUMMY_
  D:0080H         PUBLIC        P0
  D:0090H         PUBLIC        P1
  D:00A0H         PUBLIC        P2
  D:00B0H         PUBLIC        P3
  D:00C0H         PUBLIC        P4
  D:00C8H         PUBLIC        P5
  D:00E8H         PUBLIC        P6
  D:00F8H         PUBLIC        P7
  D:00A8H         PUBLIC        IE
  D:00C5H         PUBLIC        IAP_CMD
  D:00B8H         PUBLIC        IP
  D:00C3H         PUBLIC        IAP_ADDRH
  D:00D8H         PUBLIC        CCON
  D:00C4H         PUBLIC        IAP_ADDRL
  C:153DH         PUBLIC        _EEPROM_Read
  D:00F5H         PUBLIC        IAP_TPS
  D:0098H         PUBLIC        SCON
  D:0088H         PUBLIC        TCON
  C:13DBH         PUBLIC        _EEPROM_Write
  C:0FF7H         PUBLIC        EEPROM_Init
  D:00F0H         PUBLIC        B
  D:00C7H         PUBLIC        IAP_CONTR
  D:00E0H         PUBLIC        ACC
  D:00C2H         PUBLIC        IAP_DATA
  D:00C6H         PUBLIC        IAP_TRIG
  D:00D0H         PUBLIC        PSW
  C:1BF1H         SYMBOL        Com0011
  C:1BF1H         SYMBOL        L?0018
BL51 BANKED LINKER/LOCATER V6.22.2.0                                                  09/28/2022  13:50:18  PAGE 14


  C:1BF1H         SYMBOL        L?0019
  C:1BFEH         SYMBOL        L?0020
  C:1C00H         SYMBOL        L?0021
  C:1C07H         SYMBOL        L?0022
  C:1C0FH         SYMBOL        L?0023
  C:1C19H         SYMBOL        L?0024
  -------         PROC          COM0011
  -------         ENDPROC       COM0011
  -------         PROC          EEPROM_INIT
  C:0FF7H         LINE#         9
  C:0FF7H         LINE#         10
  C:0FF7H         LINE#         11
  C:0FFAH         LINE#         12
  C:0FFDH         LINE#         13
  -------         ENDPROC       EEPROM_INIT
  -------         PROC          _EEPROM_WRITE
  D:0001H         SYMBOL        date
  X:00BCH         SYMBOL        sect
  X:00BDH         SYMBOL        offset
  X:00BFH         SYMBOL        num
  -------         DO            
  X:00C1H         SYMBOL        i
  -------         ENDDO         
  C:13DBH         LINE#         30
  C:13DEH         LINE#         31
  C:13DEH         LINE#         34
  C:13FFH         LINE#         35
  C:1402H         LINE#         38
  C:140BH         LINE#         39
  C:140EH         LINE#         40
  C:1411H         LINE#         41
  C:1411H         LINE#         42
  C:1411H         LINE#         43
  C:1416H         LINE#         44
  C:1416H         LINE#         45
  C:1419H         LINE#         46
  C:141CH         LINE#         47
  C:141CH         LINE#         50
  C:141FH         LINE#         51
  C:1457H         LINE#         52
  C:1457H         LINE#         53
  C:145AH         LINE#         54
  C:145CH         LINE#         55
  C:1477H         LINE#         56
  C:1477H         LINE#         57
  C:1477H         LINE#         58
  C:147CH         LINE#         59
  C:147CH         LINE#         60
  C:147FH         LINE#         61
  C:1482H         LINE#         62
  C:1482H         LINE#         63
  C:148EH         LINE#         65
  C:1490H         LINE#         66
  -------         ENDPROC       _EEPROM_WRITE
  -------         PROC          _EEPROM_READ
  D:0001H         SYMBOL        date
  X:0104H         SYMBOL        sect
BL51 BANKED LINKER/LOCATER V6.22.2.0                                                  09/28/2022  13:50:18  PAGE 15


  X:0105H         SYMBOL        offset
  X:0107H         SYMBOL        num
  -------         DO            
  X:0109H         SYMBOL        i
  -------         ENDDO         
  C:153DH         LINE#         81
  C:1540H         LINE#         82
  C:1540H         LINE#         85
  C:1560H         LINE#         86
  C:1563H         LINE#         88
  C:1566H         LINE#         89
  C:15A4H         LINE#         90
  C:15A4H         LINE#         91
  C:15A7H         LINE#         92
  C:15A9H         LINE#         93
  C:15A9H         LINE#         94
  C:15A9H         LINE#         95
  C:15AEH         LINE#         96
  C:15AEH         LINE#         97
  C:15B1H         LINE#         98
  C:15B4H         LINE#         99
  C:15B4H         LINE#         100
  C:15D7H         LINE#         101
  C:15E3H         LINE#         103
  C:15E5H         LINE#         104
  -------         ENDPROC       _EEPROM_READ
  -------         ENDMOD        EEPROM

  -------         MODULE        ADC
  C:0000H         SYMBOL        _ICE_DUMMY_
  D:0092H         PUBLIC        P1M0
  D:0091H         PUBLIC        P1M1
  D:0080H         PUBLIC        P0
  D:0090H         PUBLIC        P1
  D:00A0H         PUBLIC        P2
  D:00B0H         PUBLIC        P3
  D:00C0H         PUBLIC        P4
  D:00C8H         PUBLIC        P5
  D:00E8H         PUBLIC        P6
  D:00F8H         PUBLIC        P7
  D:00A8H         PUBLIC        IE
  C:0016H         PUBLIC        _ADC_Convert
  D:00BDH         PUBLIC        ADC_RES
  D:00B8H         PUBLIC        IP
  D:00DEH         PUBLIC        ADCCFG
  D:00D8H         PUBLIC        CCON
  D:00BCH         PUBLIC        ADC_CONTR
  D:0098H         PUBLIC        SCON
  D:0088H         PUBLIC        TCON
  C:1E0EH         PUBLIC        ADC_Init
  D:00F0H         PUBLIC        B
  D:00E0H         PUBLIC        ACC
  D:00BEH         PUBLIC        ADC_RESL
  D:00D0H         PUBLIC        PSW
  -------         PROC          ADC_INIT
  C:1E0EH         LINE#         9
  C:1E0EH         LINE#         10
BL51 BANKED LINKER/LOCATER V6.22.2.0                                                  09/28/2022  13:50:18  PAGE 16


  C:1E0EH         LINE#         11
  C:1E11H         LINE#         12
  C:1E14H         LINE#         13
  C:1E1BH         LINE#         15
  C:1E1EH         LINE#         16
  C:1E24H         LINE#         17
  -------         ENDPROC       ADC_INIT
  -------         PROC          _ADC_CONVERT
  D:0007H         SYMBOL        chan
  C:0016H         LINE#         26
  C:0016H         LINE#         27
  C:0016H         LINE#         29
  C:001CH         LINE#         30
  C:001CH         LINE#         31
  C:001FH         LINE#         32
  C:0021H         LINE#         33
  C:0027H         LINE#         34
  C:0027H         LINE#         35
  C:002AH         LINE#         36
  C:002DH         LINE#         37
  C:002DH         LINE#         40
  C:0030H         LINE#         41
  C:0037H         LINE#         42
  C:003AH         LINE#         43
  C:0040H         LINE#         44
  C:0043H         LINE#         45
  C:0046H         LINE#         47
  C:004EH         LINE#         48
  -------         ENDPROC       _ADC_CONVERT
  -------         ENDMOD        ADC

  -------         MODULE        DELAY
  C:0000H         SYMBOL        _ICE_DUMMY_
  D:0080H         PUBLIC        P0
  D:0090H         PUBLIC        P1
  D:00A0H         PUBLIC        P2
  D:00B0H         PUBLIC        P3
  D:00C0H         PUBLIC        P4
  C:1FC3H         SYMBOL        Delay1ms
  D:00C8H         PUBLIC        P5
  D:00E8H         PUBLIC        P6
  D:00F8H         PUBLIC        P7
  C:1FDEH         PUBLIC        Delay2us
  D:00A8H         PUBLIC        IE
  D:00B8H         PUBLIC        IP
  D:00D8H         PUBLIC        CCON
  C:1DF6H         PUBLIC        _DelayXms
  D:0098H         PUBLIC        SCON
  D:0088H         PUBLIC        TCON
  D:00F0H         PUBLIC        B
  D:00E0H         PUBLIC        ACC
  D:00D0H         PUBLIC        PSW
  -------         PROC          DELAY1MS
  -------         DO            
  D:0007H         SYMBOL        i
  D:0006H         SYMBOL        j
  -------         ENDDO         
BL51 BANKED LINKER/LOCATER V6.22.2.0                                                  09/28/2022  13:50:18  PAGE 17


  C:1FC3H         LINE#         11
  C:1FC3H         LINE#         12
  C:1FC3H         LINE#         15
  C:1FC4H         LINE#         16
  C:1FC6H         LINE#         17
  C:1FC8H         LINE#         19
  C:1FC8H         LINE#         20
  C:1FCAH         LINE#         21
  C:1FCCH         LINE#         22
  -------         ENDPROC       DELAY1MS
  -------         PROC          _DELAYXMS
  D:0004H         SYMBOL        x
  C:1DF6H         LINE#         32
  C:1DFAH         LINE#         33
  C:1DFAH         LINE#         34
  C:1E03H         LINE#         35
  C:1E0DH         LINE#         36
  -------         ENDPROC       _DELAYXMS
  -------         PROC          DELAY2US
  -------         DO            
  D:0007H         SYMBOL        i
  -------         ENDDO         
  C:1FDEH         LINE#         46
  C:1FDEH         LINE#         47
  C:1FDEH         LINE#         50
  C:1FDFH         LINE#         51
  C:1FE1H         LINE#         52
  C:1FE3H         LINE#         53
  -------         ENDPROC       DELAY2US
  -------         ENDMOD        DELAY

  -------         MODULE        TIMER
  C:0000H         SYMBOL        _ICE_DUMMY_
  D:0080H         PUBLIC        P0
  D:0090H         PUBLIC        P1
  D:00A0H         PUBLIC        P2
  D:00B0H         PUBLIC        P3
  D:00C0H         PUBLIC        P4
  D:00C8H         PUBLIC        P5
  B:00A8H.7       PUBLIC        EA
  D:00E8H         PUBLIC        P6
  D:00F8H         PUBLIC        P7
  D:00A8H         PUBLIC        IE
  D:00B8H         PUBLIC        IP
  D:00D8H         PUBLIC        CCON
  X:0134H         PUBLIC        T2_BUSY_FLAG
  D:0098H         PUBLIC        SCON
  D:0088H         PUBLIC        TCON
  D:00AFH         PUBLIC        IE2
  D:00F0H         PUBLIC        B
  D:008EH         PUBLIC        AUXR
  D:00E0H         PUBLIC        ACC
  D:00D6H         PUBLIC        TH2
  D:00D7H         PUBLIC        TL2
  C:1B86H         PUBLIC        T2_ISR
  D:00D0H         PUBLIC        PSW
  C:1E67H         PUBLIC        T2_Init
BL51 BANKED LINKER/LOCATER V6.22.2.0                                                  09/28/2022  13:50:18  PAGE 18


  -------         PROC          T2_INIT
  C:1E67H         LINE#         13
  C:1E67H         LINE#         14
  C:1E67H         LINE#         16
  C:1E6DH         LINE#         17
  C:1E70H         LINE#         18
  C:1E73H         LINE#         19
  C:1E76H         LINE#         20
  C:1E79H         LINE#         23
  C:1E7BH         LINE#         24
  -------         ENDPROC       T2_INIT
  -------         PROC          T2_ISR
  C:1B86H         LINE#         32
  C:1B8EH         LINE#         34
  C:1B91H         LINE#         35
  C:1BA0H         LINE#         36
  C:1BA0H         LINE#         37
  C:1BA0H         LINE#         38
  C:1BA3H         LINE#         39
  C:1BA5H         LINE#         41
  C:1BA5H         LINE#         42
  C:1BA8H         LINE#         43
  C:1BAAH         LINE#         45
  C:1BAAH         LINE#         46
  C:1BB0H         LINE#         47
  C:1BB0H         LINE#         48
  C:1BB0H         LINE#         49
  C:1BB5H         LINE#         50
  -------         ENDPROC       T2_ISR
  -------         ENDMOD        TIMER

  -------         MODULE        IIC
  C:0000H         SYMBOL        _ICE_DUMMY_
  D:0092H         PUBLIC        P1M0
  D:0091H         PUBLIC        P1M1
  D:0080H         PUBLIC        P0
  D:0090H         PUBLIC        P1
  D:00A0H         PUBLIC        P2
  D:00B0H         PUBLIC        P3
  D:00C0H         PUBLIC        P4
  D:00C8H         PUBLIC        P5
  D:00E8H         PUBLIC        P6
  D:00F8H         PUBLIC        P7
  D:00A8H         PUBLIC        IE
  D:00B8H         PUBLIC        IP
  B:00D0H.7       PUBLIC        CY
  D:00D8H         PUBLIC        CCON
  D:0098H         PUBLIC        SCON
  D:0088H         PUBLIC        TCON
  D:00F0H         PUBLIC        B
  C:1F61H         PUBLIC        IIC_Start
  D:00E0H         PUBLIC        ACC
  C:1C23H         PUBLIC        IIC_ReadByte
  C:1E25H         PUBLIC        IIC_Init
  C:1CAAH         PUBLIC        _IIC_Resp
  B:0090H.4       PUBLIC        SDA
  C:07D0H         PUBLIC        _IIC_WriteByte
BL51 BANKED LINKER/LOCATER V6.22.2.0                                                  09/28/2022  13:50:18  PAGE 19


  C:1F70H         PUBLIC        IIC_Stop
  B:0090H.5       PUBLIC        SCL
  C:1C7EH         PUBLIC        IIC_WaitResp
  D:00D0H         PUBLIC        PSW
  -------         PROC          IIC_INIT
  C:1E25H         LINE#         11
  C:1E25H         LINE#         12
  C:1E25H         LINE#         13
  C:1E28H         LINE#         14
  C:1E2BH         LINE#         15
  C:1E32H         LINE#         17
  C:1E34H         LINE#         18
  C:1E37H         LINE#         19
  C:1E39H         LINE#         20
  -------         ENDPROC       IIC_INIT
  -------         PROC          IIC_START
  C:1F61H         LINE#         29
  C:1F61H         LINE#         30
  C:1F61H         LINE#         31
  C:1F63H         LINE#         32
  C:1F66H         LINE#         33
  C:1F68H         LINE#         34
  C:1F6BH         LINE#         35
  C:1F6DH         LINE#         36
  -------         ENDPROC       IIC_START
  -------         PROC          IIC_STOP
  C:1F70H         LINE#         45
  C:1F70H         LINE#         46
  C:1F70H         LINE#         47
  C:1F72H         LINE#         48
  C:1F75H         LINE#         49
  C:1F77H         LINE#         50
  C:1F7AH         LINE#         51
  C:1F7CH         LINE#         52
  -------         ENDPROC       IIC_STOP
  -------         PROC          IIC_WAITRESP
  -------         DO            
  D:0006H         SYMBOL        i
  -------         ENDDO         
  C:1C7EH         LINE#         62
  C:1C7EH         LINE#         63
  C:1C7EH         LINE#         64
  C:1C80H         LINE#         66
  C:1C82H         LINE#         67
  C:1C85H         LINE#         68
  C:1C87H         LINE#         69
  C:1C8AH         LINE#         70
  C:1C97H         LINE#         71
  C:1C9AH         LINE#         72
  C:1C9CH         LINE#         73
  C:1C9FH         LINE#         76
  C:1CA5H         LINE#         77
  C:1CA7H         LINE#         79
  C:1CA9H         LINE#         80
  -------         ENDPROC       IIC_WAITRESP
  C:1CCBH         SYMBOL        L?0021
  -------         PROC          _IIC_RESP
BL51 BANKED LINKER/LOCATER V6.22.2.0                                                  09/28/2022  13:50:18  PAGE 20


  D:0007H         SYMBOL        resp
  C:1CAAH         LINE#         89
  C:1CAAH         LINE#         90
  C:1CAAH         LINE#         91
  C:1CB0H         LINE#         92
  C:1CB0H         LINE#         93
  C:1CB2H         LINE#         94
  C:1CB4H         LINE#         95
  C:1CB4H         LINE#         96
  C:1CB4H         LINE#         97
  C:1CB4H         LINE#         98
  C:1CB7H         LINE#         99
  C:1CB8H         LINE#         100
  C:1CBEH         LINE#         101
  C:1CBEH         LINE#         102
  C:1CC0H         LINE#         103
  C:1CC2H         LINE#         104
  C:1CC2H         LINE#         105
  C:1CC2H         LINE#         106
  C:1CC2H         LINE#         107
  C:1CC5H         LINE#         108
  C:1CC7H         LINE#         109
  C:1CCAH         LINE#         110
  C:1CCAH         LINE#         111
  -------         ENDPROC       _IIC_RESP
  -------         PROC          _IIC_WRITEBYTE
  D:0006H         SYMBOL        byte
  -------         DO            
  D:0005H         SYMBOL        i
  -------         ENDDO         
  C:07D0H         LINE#         119
  C:07D2H         LINE#         120
  C:07D2H         LINE#         123
  C:07DEH         LINE#         124
  C:07DEH         LINE#         125
  C:07E2H         LINE#         126
  C:07E4H         LINE#         127
  C:07E7H         LINE#         128
  C:07E9H         LINE#         129
  C:07ECH         LINE#         130
  C:07EEH         LINE#         131
  C:07F1H         LINE#         132
  C:07F4H         LINE#         133
  C:07F6H         LINE#         134
  C:07F9H         LINE#         135
  C:07FBH         LINE#         136
  -------         ENDPROC       _IIC_WRITEBYTE
  -------         PROC          IIC_READBYTE
  -------         DO            
  D:0005H         SYMBOL        i
  D:0006H         SYMBOL        k
  -------         ENDDO         
  C:1C23H         LINE#         145
  C:1C23H         LINE#         146
  C:1C23H         LINE#         147
  C:1C25H         LINE#         149
  C:1C27H         LINE#         150
BL51 BANKED LINKER/LOCATER V6.22.2.0                                                  09/28/2022  13:50:18  PAGE 21


  C:1C2AH         LINE#         151
  C:1C2CH         LINE#         152
  C:1C37H         LINE#         153
  C:1C37H         LINE#         154
  C:1C39H         LINE#         155
  C:1C3CH         LINE#         156
  C:1C46H         LINE#         157
  C:1C48H         LINE#         158
  C:1C4BH         LINE#         159
  C:1C4EH         LINE#         161
  C:1C50H         LINE#         162
  -------         ENDPROC       IIC_READBYTE
  -------         ENDMOD        IIC

  -------         MODULE        VEML7700
  C:0000H         SYMBOL        _ICE_DUMMY_
  D:0080H         PUBLIC        P0
  D:0090H         PUBLIC        P1
  D:00A0H         PUBLIC        P2
  D:00B0H         PUBLIC        P3
  D:00C0H         PUBLIC        P4
  D:00C8H         PUBLIC        P5
  D:00E8H         PUBLIC        P6
  D:00F8H         PUBLIC        P7
  D:00A8H         PUBLIC        IE
  C:0BD0H         PUBLIC        Lux_Calc
  D:00B8H         PUBLIC        IP
  C:1D88H         PUBLIC        _ALS_INT_EN
  D:00D8H         PUBLIC        CCON
  D:0098H         PUBLIC        SCON
  D:0088H         PUBLIC        TCON
  C:1FE4H         PUBLIC        ALS_DATA_Read
  D:00F0H         PUBLIC        B
  D:00E0H         PUBLIC        ACC
  C:1F7FH         PUBLIC        _ALS_SD
  C:1D21H         PUBLIC        _ALS_IT
  C:1DA7H         PUBLIC        _ALS_GAIN
  C:1AB0H         SYMBOL        _VEML7700_Read
  C:1F8EH         PUBLIC        _PSM_EN
  C:1C51H         SYMBOL        _VEML7700_Write
  D:00D0H         PUBLIC        PSW
  C:1FCDH         PUBLIC        VEML7700_Init
  C:1B00H         SYMBOL        Com007E
  C:1B00H         SYMBOL        L?0127
  C:1B00H         SYMBOL        L?0128
  C:1B11H         SYMBOL        L?0130
  C:1B11H         SYMBOL        L?0131
  C:1B14H         SYMBOL        L?0132
  C:1B1DH         SYMBOL        L?0133
  C:1B20H         SYMBOL        L?0134
  C:1B2BH         SYMBOL        L?0136
  C:1B2BH         SYMBOL        L?0137
  C:1B32H         SYMBOL        L?0138
  C:1B35H         SYMBOL        L?0139
  C:1B3BH         SYMBOL        L?0143
  -------         PROC          COM007E
  -------         ENDPROC       COM007E
BL51 BANKED LINKER/LOCATER V6.22.2.0                                                  09/28/2022  13:50:18  PAGE 22


  C:1C77H         SYMBOL        L?0140
  -------         PROC          _VEML7700_WRITE
  D:0004H         SYMBOL        addr
  D:0002H         SYMBOL        date
  C:1C51H         LINE#         12
  C:1C57H         LINE#         13
  C:1C57H         LINE#         14
  C:1C5AH         LINE#         15
  C:1C5CH         LINE#         16
  C:1C5FH         LINE#         17
  C:1C61H         LINE#         18
  C:1C64H         LINE#         19
  C:1C69H         LINE#         20
  C:1C6CH         LINE#         21
  C:1C71H         LINE#         22
  C:1C74H         LINE#         23
  C:1C77H         LINE#         24
  -------         ENDPROC       _VEML7700_WRITE
  C:1AF8H         SYMBOL        L?0142
  -------         PROC          _VEML7700_READ
  D:0004H         SYMBOL        addr
  -------         DO            
  D:0003H         SYMBOL        LSB
  D:0006H         SYMBOL        MSB
  -------         ENDDO         
  C:1AB0H         LINE#         35
  C:1AB2H         LINE#         36
  C:1AB2H         LINE#         39
  C:1AB5H         LINE#         40
  C:1AB7H         LINE#         41
  C:1ABCH         LINE#         42
  C:1ABFH         LINE#         43
  C:1AC1H         LINE#         44
  C:1AC6H         LINE#         45
  C:1AC9H         LINE#         46
  C:1ACCH         LINE#         47
  C:1AD1H         LINE#         48
  C:1AD7H         LINE#         49
  C:1ADAH         LINE#         50
  C:1ADFH         LINE#         51
  C:1AE4H         LINE#         52
  C:1AE9H         LINE#         53
  C:1AEEH         LINE#         54
  C:1AF1H         LINE#         56
  C:1AF7H         LINE#         57
  -------         ENDPROC       _VEML7700_READ
  -------         PROC          _ALS_GAIN
  D:0001H         SYMBOL        gain
  -------         DO            
  D:0004H         SYMBOL        temp
  -------         ENDDO         
  C:1DA7H         LINE#         69
  C:1DA9H         LINE#         70
  C:1DA9H         LINE#         73
  C:1DB2H         LINE#         74
  C:1DB6H         LINE#         75
  C:1DBEH         LINE#         77
BL51 BANKED LINKER/LOCATER V6.22.2.0                                                  09/28/2022  13:50:18  PAGE 23


  -------         ENDPROC       _ALS_GAIN
  -------         PROC          _ALS_IT
  D:0001H         SYMBOL        it
  -------         DO            
  D:0004H         SYMBOL        temp
  -------         ENDDO         
  C:1D21H         LINE#         92
  C:1D23H         LINE#         93
  C:1D23H         LINE#         96
  C:1D2CH         LINE#         97
  C:1D34H         LINE#         98
  C:1D41H         LINE#         100
  -------         ENDPROC       _ALS_IT
  -------         PROC          _ALS_INT_EN
  D:0001H         SYMBOL        en
  -------         DO            
  D:0004H         SYMBOL        temp
  -------         ENDDO         
  C:1D88H         LINE#         132
  C:1D8AH         LINE#         133
  C:1D8AH         LINE#         136
  C:1D93H         LINE#         137
  C:1D97H         LINE#         138
  C:1DA2H         LINE#         140
  -------         ENDPROC       _ALS_INT_EN
  -------         PROC          _ALS_SD
  D:0001H         SYMBOL        power
  -------         DO            
  D:0006H         SYMBOL        temp
  -------         ENDDO         
  C:1F7FH         LINE#         151
  C:1F81H         LINE#         152
  C:1F81H         LINE#         155
  C:1F86H         LINE#         156
  C:1F86H         LINE#         157
  C:1F86H         LINE#         159
  -------         ENDPROC       _ALS_SD
  -------         PROC          _PSM_EN
  D:0001H         SYMBOL        en
  -------         DO            
  D:0006H         SYMBOL        temp
  -------         ENDDO         
  C:1F8EH         LINE#         213
  C:1F90H         LINE#         214
  C:1F90H         LINE#         217
  C:1F95H         LINE#         218
  C:1F95H         LINE#         219
  C:1F95H         LINE#         221
  -------         ENDPROC       _PSM_EN
  -------         PROC          ALS_DATA_READ
  C:1FE4H         LINE#         231
  C:1FE4H         LINE#         232
  C:1FE4H         LINE#         233
  -------         ENDPROC       ALS_DATA_READ
  -------         PROC          VEML7700_INIT
  C:1FCDH         LINE#         276
  C:1FCDH         LINE#         277
BL51 BANKED LINKER/LOCATER V6.22.2.0                                                  09/28/2022  13:50:18  PAGE 24


  C:1FCDH         LINE#         278
  C:1FD2H         LINE#         279
  -------         ENDPROC       VEML7700_INIT
  C:0EA1H         SYMBOL        L?0129
  C:0EAEH         SYMBOL        L?0135
  C:0EBAH         SYMBOL        L?0141
  -------         PROC          LUX_CALC
  -------         DO            
  X:00BCH         SYMBOL        IT
  X:00BDH         SYMBOL        G
  X:00BEH         SYMBOL        ALS_Data
  X:00C0H         SYMBOL        temp
  C:0BF2H         SYMBOL        L1
  C:0C90H         SYMBOL        L2
  -------         ENDDO         
  C:0BD0H         LINE#         290
  C:0BD0H         LINE#         291
  C:0BD0H         LINE#         292
  C:0BD5H         LINE#         293
  C:0BD8H         LINE#         294
  C:0BDDH         LINE#         295
  C:0BE5H         LINE#         297
  C:0BE5H         LINE#         298
  C:0BE8H         LINE#         300
  C:0BEDH         LINE#         301
  C:0BF2H         LINE#         303
  C:0BF2H         LINE#         304
  C:0C03H         LINE#         305
  C:0C03H         LINE#         306
  C:0C03H         LINE#         307
  C:0C07H         LINE#         308
  C:0C09H         LINE#         310
  C:0C09H         LINE#         311
  C:0C0DH         LINE#         312
  C:0C0FH         LINE#         314
  C:0C0FH         LINE#         315
  C:0C13H         LINE#         316
  C:0C15H         LINE#         318
  C:0C15H         LINE#         319
  C:0C1CH         LINE#         320
  C:0C1CH         LINE#         321
  C:0C1CH         LINE#         323
  C:0C1FH         LINE#         324
  C:0C27H         LINE#         325
  C:0C27H         LINE#         326
  C:0C2CH         LINE#         328
  C:0C31H         LINE#         329
  C:0C34H         LINE#         330
  C:0C43H         LINE#         331
  C:0C43H         LINE#         332
  C:0C43H         LINE#         333
  C:0C45H         LINE#         334
  C:0C47H         LINE#         336
  C:0C47H         LINE#         337
  C:0C49H         LINE#         338
  C:0C4BH         LINE#         340
  C:0C4BH         LINE#         341
BL51 BANKED LINKER/LOCATER V6.22.2.0                                                  09/28/2022  13:50:18  PAGE 25


  C:0C50H         LINE#         342
  C:0C50H         LINE#         343
  C:0C50H         LINE#         345
  C:0C55H         LINE#         346
  C:0C55H         LINE#         347
  C:0C5BH         LINE#         348
  C:0C67H         LINE#         349
  C:0C67H         LINE#         350
  C:0C67H         LINE#         351
  C:0C69H         LINE#         352
  C:0C6BH         LINE#         354
  C:0C6BH         LINE#         355
  C:0C6DH         LINE#         356
  C:0C6FH         LINE#         358
  C:0C6FH         LINE#         359
  C:0C74H         LINE#         360
  C:0C74H         LINE#         362
  C:0C74H         LINE#         363
  C:0C74H         LINE#         364
  C:0C74H         LINE#         366
  C:0C7CH         LINE#         367
  C:0C7CH         LINE#         368
  C:0C81H         LINE#         369
  C:0C8BH         LINE#         370
  C:0C8BH         LINE#         377
  C:0C8BH         LINE#         378
  C:0C8BH         LINE#         380
  C:0C8BH         LINE#         381
  C:0C8BH         LINE#         382
  C:0C8EH         LINE#         384
  C:0C90H         LINE#         385
  C:0C90H         LINE#         386
  C:0C90H         LINE#         388
  C:0C90H         LINE#         389
  C:0C90H         LINE#         390
  C:0CA1H         LINE#         391
  C:0CA1H         LINE#         392
  C:0CA6H         LINE#         394
  C:0CACH         LINE#         395
  C:0CBDH         LINE#         396
  C:0CBDH         LINE#         397
  C:0CBDH         LINE#         398
  C:0CBFH         LINE#         399
  C:0CC1H         LINE#         401
  C:0CC1H         LINE#         402
  C:0CC3H         LINE#         403
  C:0CC5H         LINE#         405
  C:0CC5H         LINE#         406
  C:0CC7H         LINE#         407
  C:0CC9H         LINE#         409
  C:0CC9H         LINE#         410
  C:0CCEH         LINE#         411
  C:0CD0H         LINE#         413
  C:0CD0H         LINE#         414
  C:0CD5H         LINE#         416
  C:0CD5H         LINE#         417
  C:0CD8H         LINE#         419
BL51 BANKED LINKER/LOCATER V6.22.2.0                                                  09/28/2022  13:50:18  PAGE 26


  C:0CDFH         LINE#         420
  C:0CE2H         LINE#         421
  C:0CE2H         LINE#         422
  C:0CE2H         LINE#         424
  C:0CF4H         LINE#         425
  C:0CF4H         LINE#         426
  C:0D06H         LINE#         427
  C:0D06H         LINE#         428
  C:0D06H         LINE#         429
  C:0D0BH         LINE#         430
  C:0D0DH         LINE#         432
  C:0D0DH         LINE#         433
  C:0D14H         LINE#         434
  C:0D16H         LINE#         436
  C:0D16H         LINE#         437
  C:0D1DH         LINE#         438
  C:0D1FH         LINE#         440
  C:0D1FH         LINE#         441
  C:0D36H         LINE#         442
  C:0D36H         LINE#         443
  C:0D36H         LINE#         444
  C:0D36H         LINE#         445
  C:0D36H         LINE#         446
  C:0D38H         LINE#         447
  C:0D38H         LINE#         449
  C:0D38H         LINE#         450
  C:0D38H         LINE#         451
  C:0D3BH         LINE#         453
  C:0D4CH         LINE#         454
  C:0D4CH         LINE#         455
  C:0D4CH         LINE#         456
  C:0D50H         LINE#         457
  C:0D52H         LINE#         459
  C:0D52H         LINE#         460
  C:0D56H         LINE#         461
  C:0D58H         LINE#         463
  C:0D58H         LINE#         464
  C:0D5CH         LINE#         465
  C:0D5EH         LINE#         467
  C:0D5EH         LINE#         468
  C:0D65H         LINE#         469
  C:0D65H         LINE#         470
  C:0D65H         LINE#         472
  C:0D70H         LINE#         473
  C:0D72H         LINE#         474
  C:0D72H         LINE#         475
  C:0D72H         LINE#         477
  C:0D72H         LINE#         478
  C:0D8CH         LINE#         479
  C:0D8CH         LINE#         480
  C:0D8CH         LINE#         481
  C:0D9DH         LINE#         482
  C:0D9DH         LINE#         483
  C:0D9DH         LINE#         484
  C:0D9DH         LINE#         485
  C:0D9FH         LINE#         487
  C:0D9FH         LINE#         488
BL51 BANKED LINKER/LOCATER V6.22.2.0                                                  09/28/2022  13:50:18  PAGE 27


  C:0D9FH         LINE#         489
  C:0DA1H         LINE#         491
  C:0DA1H         LINE#         492
  C:0DA1H         LINE#         493
  C:0DA3H         LINE#         495
  C:0DA3H         LINE#         496
  C:0DA8H         LINE#         497
  C:0DAAH         LINE#         498
  C:0DAAH         LINE#         499
  C:0DAAH         LINE#         501
  C:0DAAH         LINE#         502
  C:0DBBH         LINE#         503
  C:0DBBH         LINE#         504
  C:0DBBH         LINE#         505
  C:0DBBH         LINE#         506
  C:0DBDH         LINE#         508
  C:0DBDH         LINE#         509
  C:0DBDH         LINE#         510
  C:0DBFH         LINE#         512
  C:0DBFH         LINE#         513
  C:0DBFH         LINE#         514
  C:0DC1H         LINE#         516
  C:0DC1H         LINE#         517
  C:0DC8H         LINE#         518
  C:0DCAH         LINE#         519
  C:0DCAH         LINE#         520
  C:0DCAH         LINE#         522
  C:0DCAH         LINE#         523
  C:0DDBH         LINE#         524
  C:0DDBH         LINE#         525
  C:0DDBH         LINE#         526
  C:0DE2H         LINE#         527
  C:0DE4H         LINE#         529
  C:0DE4H         LINE#         530
  C:0DEBH         LINE#         531
  C:0DEDH         LINE#         533
  C:0DEDH         LINE#         534
  C:0DF4H         LINE#         535
  C:0DF6H         LINE#         537
  C:0DF6H         LINE#         538
  C:0DFDH         LINE#         539
  C:0DFFH         LINE#         540
  C:0DFFH         LINE#         541
  C:0DFFH         LINE#         543
  C:0DFFH         LINE#         544
  C:0E0EH         LINE#         545
  C:0E0EH         LINE#         546
  C:0E0EH         LINE#         547
  C:0E15H         LINE#         548
  C:0E17H         LINE#         550
  C:0E17H         LINE#         551
  C:0E1EH         LINE#         552
  C:0E20H         LINE#         554
  C:0E20H         LINE#         555
  C:0E27H         LINE#         556
  C:0E29H         LINE#         558
  C:0E29H         LINE#         559
BL51 BANKED LINKER/LOCATER V6.22.2.0                                                  09/28/2022  13:50:18  PAGE 28


  C:0E30H         LINE#         560
  C:0E32H         LINE#         561
  C:0E32H         LINE#         562
  C:0E32H         LINE#         564
  C:0E32H         LINE#         565
  C:0E41H         LINE#         566
  C:0E41H         LINE#         567
  C:0E41H         LINE#         568
  C:0E48H         LINE#         569
  C:0E4AH         LINE#         571
  C:0E4AH         LINE#         572
  C:0E51H         LINE#         573
  C:0E53H         LINE#         575
  C:0E53H         LINE#         576
  C:0E5AH         LINE#         577
  C:0E5CH         LINE#         579
  C:0E5CH         LINE#         580
  C:0E66H         LINE#         581
  C:0E66H         LINE#         582
  C:0E66H         LINE#         583
  C:0E66H         LINE#         584
  C:0E66H         LINE#         585
  C:0E95H         LINE#         586
  C:0E9AH         LINE#         587
  C:0EA0H         LINE#         588
  C:0EA0H         LINE#         589
  C:0EA0H         LINE#         590
  -------         ENDPROC       LUX_CALC
  -------         ENDMOD        VEML7700

  -------         MODULE        OLED
  C:0000H         SYMBOL        _ICE_DUMMY_
  D:0080H         PUBLIC        P0
  D:0090H         PUBLIC        P1
  D:00A0H         PUBLIC        P2
  D:00B0H         PUBLIC        P3
  D:00C0H         PUBLIC        P4
  D:00C8H         PUBLIC        P5
  D:00E8H         PUBLIC        P6
  D:00F8H         PUBLIC        P7
  C:1E7CH         PUBLIC        _Col_Addr_Set
  D:00A8H         PUBLIC        IE
  C:1000H         PUBLIC        _OLED_Disp
  C:1EC6H         PUBLIC        _Entire_Disp_ON_OFF
  D:00B8H         PUBLIC        IP
  C:1F20H         PUBLIC        _DCLK_Fosc_Set
  C:1998H         PUBLIC        OLED_Init
  C:1F42H         PUBLIC        _COM_Pin_HW_Config
  D:00D8H         PUBLIC        CCON
  C:1F31H         PUBLIC        _Pre_Charge_Period_Set
  C:1ED8H         PUBLIC        _Disp_NOR_INV
  D:0098H         PUBLIC        SCON
  D:0088H         PUBLIC        TCON
  C:1EFCH         PUBLIC        _Seg_Re_Map
  D:00F0H         PUBLIC        B
  D:00E0H         PUBLIC        ACC
  C:1FABH         PUBLIC        _Mux_Set
BL51 BANKED LINKER/LOCATER V6.22.2.0                                                  09/28/2022  13:50:18  PAGE 29


  C:1EEAH         PUBLIC        _Disp_ON_OFF
  C:1F0EH         PUBLIC        _COM_Scan_Dir_Set
  C:1D67H         SYMBOL        _OLED_WriteC
  C:1D46H         SYMBOL        _OLED_WriteD
  C:1DDDH         PUBLIC        _Charge_Pump_Set
  C:0006H         PUBLIC        _Contrast_Set
  C:130DH         PUBLIC        _INT_Conv
  C:1E8FH         PUBLIC        _Page_Addr_Set
  C:1FB7H         PUBLIC        _Disp_Offset_Set
  C:1BBEH         SYMBOL        OLED_Clear
  C:1844H         PUBLIC        _FLOAT_Conv
  C:0056H         PUBLIC        _Addr_Mode_Set
  C:1F9DH         PUBLIC        _Vcomh_Deselect_Level_Set
  D:00D0H         PUBLIC        PSW
  C:1FD7H         PUBLIC        _Disp_Start_Line_Set
  C:192EH         SYMBOL        Com006C
  C:192EH         SYMBOL        L?0109
  C:1934H         SYMBOL        L?0110
  C:1941H         SYMBOL        L?0111
  C:1944H         SYMBOL        L?0112
  C:1946H         SYMBOL        L?0113
  C:1953H         SYMBOL        L?0114
  C:1955H         SYMBOL        L?0115
  C:195AH         SYMBOL        L?0116
  C:1960H         SYMBOL        L?0117
  C:1964H         SYMBOL        L?0118
  C:1967H         SYMBOL        L?0119
  C:196DH         SYMBOL        L?0120
  C:1982H         SYMBOL        L?0121
  C:1982H         SYMBOL        L?0122
  C:1989H         SYMBOL        L?0123
  C:1989H         SYMBOL        L?0124
  C:1991H         SYMBOL        L?0125
  C:1991H         SYMBOL        L?0126
  -------         PROC          COM006C
  -------         ENDPROC       COM006C
  C:1D60H         SYMBOL        L?0127
  -------         PROC          _OLED_WRITED
  D:0004H         SYMBOL        date
  C:1D46H         LINE#         12
  C:1D48H         LINE#         13
  C:1D48H         LINE#         14
  C:1D4BH         LINE#         15
  C:1D4DH         LINE#         16
  C:1D50H         LINE#         17
  C:1D52H         LINE#         18
  C:1D55H         LINE#         19
  C:1D5AH         LINE#         20
  C:1D5DH         LINE#         21
  C:1D60H         LINE#         22
  -------         ENDPROC       _OLED_WRITED
  C:1D81H         SYMBOL        L?0128
  -------         PROC          _OLED_WRITEC
  D:0004H         SYMBOL        cmd
  C:1D67H         LINE#         33
  C:1D69H         LINE#         34
  C:1D69H         LINE#         35
BL51 BANKED LINKER/LOCATER V6.22.2.0                                                  09/28/2022  13:50:18  PAGE 30


  C:1D6CH         LINE#         36
  C:1D6EH         LINE#         37
  C:1D71H         LINE#         38
  C:1D73H         LINE#         39
  C:1D76H         LINE#         40
  C:1D7BH         LINE#         41
  C:1D7EH         LINE#         42
  C:1D81H         LINE#         43
  -------         ENDPROC       _OLED_WRITEC
  -------         PROC          _CONTRAST_SET
  D:0003H         SYMBOL        leve
  C:0006H         LINE#         51
  C:0008H         LINE#         52
  C:0008H         LINE#         53
  C:000DH         LINE#         54
  -------         ENDPROC       _CONTRAST_SET
  -------         PROC          _ENTIRE_DISP_ON_OFF
  D:0007H         SYMBOL        arg
  C:1EC6H         LINE#         64
  C:1EC6H         LINE#         65
  C:1EC6H         LINE#         66
  C:1EC9H         LINE#         67
  C:1ECDH         LINE#         68
  C:1ED2H         LINE#         69
  C:1ED7H         LINE#         70
  -------         ENDPROC       _ENTIRE_DISP_ON_OFF
  -------         PROC          _DISP_NOR_INV
  D:0007H         SYMBOL        arg
  C:1ED8H         LINE#         79
  C:1ED8H         LINE#         80
  C:1ED8H         LINE#         81
  C:1EDBH         LINE#         82
  C:1EDFH         LINE#         83
  C:1EE4H         LINE#         84
  C:1EE9H         LINE#         85
  -------         ENDPROC       _DISP_NOR_INV
  -------         PROC          _DISP_ON_OFF
  D:0007H         SYMBOL        arg
  C:1EEAH         LINE#         94
  C:1EEAH         LINE#         95
  C:1EEAH         LINE#         96
  C:1EEDH         LINE#         97
  C:1EF1H         LINE#         98
  C:1EF6H         LINE#         99
  C:1EFBH         LINE#         100
  -------         ENDPROC       _DISP_ON_OFF
  -------         PROC          _ADDR_MODE_SET
  D:0003H         SYMBOL        arg
  C:0056H         LINE#         270
  C:0058H         LINE#         271
  C:0058H         LINE#         272
  C:005DH         LINE#         273
  -------         ENDPROC       _ADDR_MODE_SET
  -------         PROC          _COL_ADDR_SET
  D:0002H         SYMBOL        sa
  D:0003H         SYMBOL        ea
  C:1E7CH         LINE#         285
BL51 BANKED LINKER/LOCATER V6.22.2.0                                                  09/28/2022  13:50:18  PAGE 31


  C:1E80H         LINE#         286
  C:1E80H         LINE#         287
  C:1E85H         LINE#         288
  C:1E8AH         LINE#         289
  -------         ENDPROC       _COL_ADDR_SET
  -------         PROC          _PAGE_ADDR_SET
  D:0002H         SYMBOL        sa
  D:0003H         SYMBOL        ea
  C:1E8FH         LINE#         301
  C:1E93H         LINE#         302
  C:1E93H         LINE#         303
  C:1E98H         LINE#         304
  C:1E9DH         LINE#         305
  -------         ENDPROC       _PAGE_ADDR_SET
  -------         PROC          _DISP_START_LINE_SET
  D:0007H         SYMBOL        line
  C:1FD7H         LINE#         327
  C:1FD7H         LINE#         328
  C:1FD7H         LINE#         329
  -------         ENDPROC       _DISP_START_LINE_SET
  -------         PROC          _SEG_RE_MAP
  D:0007H         SYMBOL        arg
  C:1EFCH         LINE#         339
  C:1EFCH         LINE#         340
  C:1EFCH         LINE#         341
  C:1EFFH         LINE#         342
  C:1F03H         LINE#         343
  C:1F08H         LINE#         344
  C:1F0DH         LINE#         345
  -------         ENDPROC       _SEG_RE_MAP
  -------         PROC          _MUX_SET
  D:0003H         SYMBOL        mux
  C:1FABH         LINE#         353
  C:1FADH         LINE#         354
  C:1FADH         LINE#         355
  C:1FB2H         LINE#         356
  -------         ENDPROC       _MUX_SET
  -------         PROC          _COM_SCAN_DIR_SET
  D:0007H         SYMBOL        arg
  C:1F0EH         LINE#         366
  C:1F0EH         LINE#         367
  C:1F0EH         LINE#         368
  C:1F11H         LINE#         369
  C:1F15H         LINE#         370
  C:1F1AH         LINE#         371
  C:1F1FH         LINE#         372
  -------         ENDPROC       _COM_SCAN_DIR_SET
  -------         PROC          _DISP_OFFSET_SET
  D:0003H         SYMBOL        ofset
  C:1FB7H         LINE#         380
  C:1FB9H         LINE#         381
  C:1FB9H         LINE#         382
  C:1FBEH         LINE#         383
  -------         ENDPROC       _DISP_OFFSET_SET
  -------         PROC          _COM_PIN_HW_CONFIG
  D:0003H         SYMBOL        conf
  C:1F42H         LINE#         399
BL51 BANKED LINKER/LOCATER V6.22.2.0                                                  09/28/2022  13:50:18  PAGE 32


  C:1F44H         LINE#         400
  C:1F44H         LINE#         401
  C:1F49H         LINE#         402
  -------         ENDPROC       _COM_PIN_HW_CONFIG
  -------         PROC          _DCLK_FOSC_SET
  D:0002H         SYMBOL        dclk
  D:0003H         SYMBOL        fosc
  C:1F20H         LINE#         412
  C:1F24H         LINE#         413
  C:1F24H         LINE#         414
  C:1F29H         LINE#         415
  -------         ENDPROC       _DCLK_FOSC_SET
  -------         PROC          _PRE_CHARGE_PERIOD_SET
  D:0002H         SYMBOL        p1
  D:0003H         SYMBOL        p2
  C:1F31H         LINE#         425
  C:1F35H         LINE#         426
  C:1F35H         LINE#         427
  C:1F3AH         LINE#         428
  -------         ENDPROC       _PRE_CHARGE_PERIOD_SET
  -------         PROC          _VCOMH_DESELECT_LEVEL_SET
  D:0003H         SYMBOL        leve
  C:1F9DH         LINE#         440
  C:1F9FH         LINE#         441
  C:1F9FH         LINE#         442
  C:1FA4H         LINE#         443
  -------         ENDPROC       _VCOMH_DESELECT_LEVEL_SET
  -------         PROC          _CHARGE_PUMP_SET
  D:0003H         SYMBOL        arg
  C:1DDDH         LINE#         466
  C:1DDFH         LINE#         467
  C:1DDFH         LINE#         468
  C:1DE4H         LINE#         470
  C:1DE7H         LINE#         471
  C:1DEBH         LINE#         472
  C:1DF0H         LINE#         473
  C:1DF5H         LINE#         474
  -------         ENDPROC       _CHARGE_PUMP_SET
  -------         PROC          OLED_CLEAR
  -------         DO            
  D:0003H         SYMBOL        x
  D:0002H         SYMBOL        y
  -------         ENDDO         
  C:1BBEH         LINE#         482
  C:1BBEH         LINE#         483
  C:1BBEH         LINE#         486
  C:1BC3H         LINE#         487
  C:1BCAH         LINE#         488
  C:1BD1H         LINE#         491
  C:1BD9H         LINE#         492
  C:1BE5H         LINE#         493
  C:1BF0H         LINE#         494
  -------         ENDPROC       OLED_CLEAR
  -------         PROC          OLED_INIT
  C:1998H         LINE#         504
  C:1998H         LINE#         505
  C:1998H         LINE#         506
BL51 BANKED LINKER/LOCATER V6.22.2.0                                                  09/28/2022  13:50:18  PAGE 33


  C:199DH         LINE#         508
  C:19A4H         LINE#         509
  C:19A9H         LINE#         510
  C:19AEH         LINE#         511
  C:19B3H         LINE#         512
  C:19B8H         LINE#         513
  C:19BDH         LINE#         514
  C:19C2H         LINE#         515
  C:19C7H         LINE#         516
  C:19CCH         LINE#         517
  C:19D3H         LINE#         518
  C:19D8H         LINE#         519
  C:19DDH         LINE#         520
  C:19E2H         LINE#         522
  C:19E5H         LINE#         523
  C:19ECH         LINE#         524
  C:19F1H         LINE#         525
  -------         ENDPROC       OLED_INIT
  -------         PROC          _OLED_DISP
  D:0001H         SYMBOL        slash
  X:00BAH         SYMBOL        s0
  X:00BBH         SYMBOL        s1
  X:00BCH         SYMBOL        s2
  X:00BDH         SYMBOL        s3
  -------         DO            
  D:0003H         SYMBOL        x
  D:0002H         SYMBOL        y
  X:00BEH         SYMBOL        s
  X:00BFH         SYMBOL        num
  X:00C0H         SYMBOL        i
  X:00C1H         SYMBOL        temp
  C:10DEH         SYMBOL        L2
  C:103EH         SYMBOL        L1
  -------         ENDDO         
  C:1000H         LINE#         581
  C:100AH         LINE#         582
  C:100AH         LINE#         583
  C:100FH         LINE#         586
  C:1012H         LINE#         587
  C:1017H         LINE#         588
  C:101EH         LINE#         591
  C:1023H         LINE#         592
  C:1023H         LINE#         593
  C:102AH         LINE#         594
  C:1030H         LINE#         595
  C:103CH         LINE#         597
  C:103EH         LINE#         598
  C:103EH         LINE#         600
  C:103EH         LINE#         601
  C:1044H         LINE#         602
  C:1057H         LINE#         603
  C:1057H         LINE#         604
  C:1057H         LINE#         605
  C:105EH         LINE#         606
  C:1061H         LINE#         607
  C:1063H         LINE#         609
  C:1063H         LINE#         610
BL51 BANKED LINKER/LOCATER V6.22.2.0                                                  09/28/2022  13:50:18  PAGE 34


  C:106AH         LINE#         611
  C:106DH         LINE#         612
  C:106FH         LINE#         614
  C:106FH         LINE#         615
  C:1076H         LINE#         616
  C:1079H         LINE#         617
  C:107BH         LINE#         619
  C:107BH         LINE#         620
  C:1082H         LINE#         621
  C:108AH         LINE#         622
  C:108AH         LINE#         624
  C:108AH         LINE#         626
  C:108AH         LINE#         627
  C:1094H         LINE#         628
  C:10B1H         LINE#         630
  C:10DEH         LINE#         632
  C:10DEH         LINE#         634
  C:10DEH         LINE#         636
  C:10EAH         LINE#         637
  C:10EAH         LINE#         638
  C:10F2H         LINE#         639
  C:10F2H         LINE#         640
  C:1111H         LINE#         641
  C:1111H         LINE#         642
  C:1111H         LINE#         643
  C:1111H         LINE#         644
  C:1113H         LINE#         646
  C:1113H         LINE#         647
  C:1113H         LINE#         648
  C:1115H         LINE#         650
  C:1115H         LINE#         651
  C:1115H         LINE#         652
  C:1117H         LINE#         654
  C:1117H         LINE#         655
  C:1123H         LINE#         656
  C:1125H         LINE#         658
  C:1125H         LINE#         659
  C:1131H         LINE#         660
  C:1133H         LINE#         662
  C:1133H         LINE#         663
  C:113FH         LINE#         664
  C:1141H         LINE#         666
  C:1154H         LINE#         668
  C:1154H         LINE#         669
  C:1154H         LINE#         670
  C:1157H         LINE#         671
  C:115AH         LINE#         672
  C:1161H         LINE#         673
  C:1167H         LINE#         675
  C:1169H         LINE#         676
  -------         ENDPROC       _OLED_DISP
  -------         PROC          _FLOAT_CONV
  X:00B9H         SYMBOL        num
  X:00BDH         SYMBOL        seg
  -------         DO            
  X:00C0H         SYMBOL        temp
  -------         ENDDO         
BL51 BANKED LINKER/LOCATER V6.22.2.0                                                  09/28/2022  13:50:18  PAGE 35


  C:1844H         LINE#         687
  C:1850H         LINE#         688
  C:1850H         LINE#         691
  C:1865H         LINE#         692
  C:1865H         LINE#         693
  C:186CH         LINE#         694
  C:1875H         LINE#         695
  C:187DH         LINE#         696
  C:1887H         LINE#         697
  C:1887H         LINE#         698
  C:1889H         LINE#         700
  C:1889H         LINE#         701
  C:1890H         LINE#         702
  C:189CH         LINE#         703
[...]
  X:00B9H         SYMBOL        f
  X:00BAH         SYMBOL        iso
  -------         DO            
  X:00BBH         SYMBOL        x
  D:0008H         SYMBOL        sum
  D:000CH         SYMBOL        temp
  D:0030H         SYMBOL        temp_smooth
  -------         ENDDO         
  C:0698H         LINE#         63
  C:06A0H         LINE#         64
  C:06A0H         LINE#         66
  C:06A9H         LINE#         67
  C:06B4H         LINE#         68
  C:06BFH         LINE#         71
  C:06CBH         LINE#         72
  C:06CBH         LINE#         73
  C:06D1H         LINE#         74
  C:06D7H         LINE#         75
  C:06DCH         LINE#         78
  C:06E8H         LINE#         79
  C:06E8H         LINE#         80
  C:072BH         LINE#         81
  C:0730H         LINE#         84
  C:073CH         LINE#         85
  C:074AH         LINE#         86
  C:0758H         LINE#         87
  C:0758H         LINE#         88
  C:0791H         LINE#         89
  C:07A2H         LINE#         90
  C:07A7H         LINE#         91
  C:07C3H         LINE#         94
  C:07CCH         LINE#         96
  C:07CFH         LINE#         97
  -------         ENDPROC       _ESAM_CALC_S_SPEED
  -------         PROC          _ESAM_CALC_F_STOP
  X:00B9H         SYMBOL        s
  X:00BAH         SYMBOL        iso
  -------         DO            
  X:00BBH         SYMBOL        x
  D:0008H         SYMBOL        sum
  D:000CH         SYMBOL        temp
BL51 BANKED LINKER/LOCATER V6.22.2.0                                                  09/28/2022  13:50:18  PAGE 38


  D:0030H         SYMBOL        temp_smooth
  -------         ENDDO         
  C:0EC7H         LINE#         108
  C:0ECFH         LINE#         109
  C:0ECFH         LINE#         111
  C:0ED8H         LINE#         112
  C:0EE3H         LINE#         113
  C:0EEEH         LINE#         116
  C:0EFAH         LINE#         117
  C:0EFAH         LINE#         118
  C:0F00H         LINE#         119
  C:0F06H         LINE#         120
  C:0F0BH         LINE#         123
  C:0F18H         LINE#         124
  C:0F18H         LINE#         125
  C:0F52H         LINE#         126
  C:0F57H         LINE#         129
  C:0F63H         LINE#         130
  C:0F71H         LINE#         131
  C:0F7FH         LINE#         132
  C:0F7FH         LINE#         133
  C:0FB8H         LINE#         134
  C:0FC9H         LINE#         135
  C:0FCEH         LINE#         136
  C:0FEAH         LINE#         139
  C:0FF3H         LINE#         141
  C:0FF6H         LINE#         142
  -------         ENDPROC       _ESAM_CALC_F_STOP
  -------         ENDMOD        AE

  -------         MODULE        STATE_MACHINE
  C:0000H         SYMBOL        _ICE_DUMMY_
  D:0080H         PUBLIC        P0
  D:0090H         PUBLIC        P1
  D:00A0H         PUBLIC        P2
  D:00B0H         PUBLIC        P3
  D:00C0H         PUBLIC        P4
  D:00C8H         PUBLIC        P5
  B:00A8H.7       PUBLIC        EA
  D:00E8H         PUBLIC        P6
  D:00F8H         PUBLIC        P7
  D:00A8H         PUBLIC        IE
  C:18BCH         PUBLIC        SM_Init
  D:00B8H         PUBLIC        IP
  X:010BH         PUBLIC        state
  D:00D8H         PUBLIC        CCON
  D:0098H         PUBLIC        SCON
  D:0088H         PUBLIC        TCON
  C:0800H         PUBLIC        SM_Run
  X:010CH         PUBLIC        disp_mode
  D:00F0H         PUBLIC        B
  X:010DH         PUBLIC        F
  D:00E0H         PUBLIC        ACC
  X:0111H         PUBLIC        S
  X:0115H         PUBLIC        ROM_DATA
  D:00D0H         PUBLIC        PSW
  C:168AH         SYMBOL        Com0076
BL51 BANKED LINKER/LOCATER V6.22.2.0                                                  09/28/2022  13:50:18  PAGE 39


  C:168AH         SYMBOL        L?0119
  C:1696H         SYMBOL        L?0120
  C:1698H         SYMBOL        L?0121
  C:169BH         SYMBOL        L?0122
  C:16A2H         SYMBOL        L?0123
  C:16A2H         SYMBOL        L?0124
  C:16B9H         SYMBOL        L?0125
  C:16C1H         SYMBOL        L?0126
  C:16C7H         SYMBOL        L?0127
  C:16DAH         SYMBOL        L?0128
  C:16DAH         SYMBOL        L?0129
  C:16E3H         SYMBOL        L?0130
  C:16F2H         SYMBOL        L?0131
  C:16F2H         SYMBOL        L?0132
  C:16F9H         SYMBOL        L?0133
  C:1706H         SYMBOL        L?0134
  C:1713H         SYMBOL        L?0135
  C:1713H         SYMBOL        L?0136
  C:171AH         SYMBOL        L?0137
  C:171AH         SYMBOL        L?0138
  C:1721H         SYMBOL        L?0139
  C:1721H         SYMBOL        L?0140
  -------         PROC          COM0076
  -------         ENDPROC       COM0076
  -------         PROC          SM_INIT
  C:18BCH         LINE#         47
  C:18BCH         LINE#         48
  C:18BCH         LINE#         50
  C:18C5H         LINE#         53
  C:18CDH         LINE#         54
  C:18D5H         LINE#         55
  C:18DDH         LINE#         56
  C:18E5H         LINE#         57
  C:18EDH         LINE#         58
  C:18F5H         LINE#         59
  C:18FDH         LINE#         60
  C:1905H         LINE#         61
  C:190DH         LINE#         62
  C:1915H         LINE#         63
  C:191DH         LINE#         64
  C:1925H         LINE#         65
  C:192DH         LINE#         66
  -------         ENDPROC       SM_INIT
  -------         PROC          SM_RUN
  -------         DO            
  X:00B5H         SYMBOL        d
  C:0BCDH         SYMBOL        L1
  -------         ENDDO         
  C:0800H         LINE#         76
  C:0800H         LINE#         77
  C:0800H         LINE#         80
  C:0802H         LINE#         84
  C:080AH         LINE#         85
  C:080AH         LINE#         86
  C:0812H         LINE#         87
  C:0812H         LINE#         88
  C:0813H         LINE#         89
BL51 BANKED LINKER/LOCATER V6.22.2.0                                                  09/28/2022  13:50:18  PAGE 40


  C:0828H         LINE#         90
  C:0828H         LINE#         91
  C:082DH         LINE#         92
  C:082DH         LINE#         93
  C:082DH         LINE#         94
  C:082FH         LINE#         95
  C:0837H         LINE#         96
  C:0837H         LINE#         97
  C:0838H         LINE#         98
  C:083EH         LINE#         99
  C:0850H         LINE#         101
  C:0860H         LINE#         102
  C:0862H         LINE#         103
  C:086AH         LINE#         104
  C:086AH         LINE#         105
  C:086BH         LINE#         106
  C:0875H         LINE#         107
  C:0875H         LINE#         108
  C:0877H         LINE#         109
  C:087FH         LINE#         110
  C:087FH         LINE#         111
  C:0880H         LINE#         112
  C:0888H         LINE#         113
  C:088BH         LINE#         115
  C:088EH         LINE#         116
  C:0890H         LINE#         117
  C:0898H         LINE#         118
  C:0898H         LINE#         119
  C:0899H         LINE#         120
  C:08A6H         LINE#         121
  C:08A8H         LINE#         122
  C:08BFH         LINE#         123
  C:08C2H         LINE#         124
  C:08C4H         LINE#         125
  C:08CEH         LINE#         126
  C:08CEH         LINE#         127
  C:08CFH         LINE#         128
  C:08D7H         LINE#         129
  C:08DAH         LINE#         131
  C:08E0H         LINE#         132
  C:08E2H         LINE#         134
  C:08E2H         LINE#         135
  C:08E2H         LINE#         136
  C:08ECH         LINE#         137
  C:08ECH         LINE#         138
  C:08F4H         LINE#         139
  C:08F4H         LINE#         140
  C:08F5H         LINE#         141
  C:08F9H         LINE#         142
  C:08FDH         LINE#         143
  C:08FFH         LINE#         144
  C:0907H         LINE#         145
  C:0907H         LINE#         146
  C:0908H         LINE#         147
  C:090EH         LINE#         148
  C:090EH         LINE#         149
  C:091DH         LINE#         150
BL51 BANKED LINKER/LOCATER V6.22.2.0                                                  09/28/2022  13:50:18  PAGE 41


  C:091DH         LINE#         151
  C:091FH         LINE#         152
  C:0924H         LINE#         153
  C:0924H         LINE#         154
  C:092EH         LINE#         155
  C:092EH         LINE#         156
  C:0930H         LINE#         157
  C:0935H         LINE#         158
  C:0935H         LINE#         159
  C:0944H         LINE#         160
  C:0944H         LINE#         161
  C:0946H         LINE#         162
  C:094BH         LINE#         163
  C:094BH         LINE#         164
  C:095AH         LINE#         165
  C:095DH         LINE#         166
  C:095FH         LINE#         167
  C:0966H         LINE#         168
  C:0966H         LINE#         169
  C:0976H         LINE#         170
  C:097FH         LINE#         171
  C:097FH         LINE#         172
  C:0981H         LINE#         173
  C:098BH         LINE#         174
  C:098BH         LINE#         175
  C:098CH         LINE#         176
  C:0992H         LINE#         177
  C:0992H         LINE#         178
  C:099AH         LINE#         179
  C:099AH         LINE#         180
  C:099CH         LINE#         181
  C:09A1H         LINE#         182
  C:09A1H         LINE#         183
  C:09AEH         LINE#         184
  C:09B1H         LINE#         185
  C:09B3H         LINE#         186
  C:09B8H         LINE#         187
  C:09B8H         LINE#         188
  C:09C0H         LINE#         189
  C:09C3H         LINE#         190
  C:09C5H         LINE#         191
  C:09CAH         LINE#         192
  C:09CAH         LINE#         193
  C:09D7H         LINE#         194
  C:09DAH         LINE#         195
  C:09DCH         LINE#         196
  C:09E1H         LINE#         197
  C:09E1H         LINE#         198
  C:09F0H         LINE#         199
  C:09FCH         LINE#         200
  C:09FCH         LINE#         201
  C:09FCH         LINE#         203
  C:09FCH         LINE#         204
  C:09FCH         LINE#         208
  C:0A04H         LINE#         211
  C:0A18H         LINE#         212
  C:0A18H         LINE#         213
BL51 BANKED LINKER/LOCATER V6.22.2.0                                                  09/28/2022  13:50:18  PAGE 42


  C:0A26H         LINE#         214
  C:0A26H         LINE#         215
  C:0A26H         LINE#         216
  C:0A28H         LINE#         217
  C:0A35H         LINE#         218
  C:0A35H         LINE#         219
  C:0A3BH         LINE#         220
  C:0A3BH         LINE#         221
  C:0A3DH         LINE#         223
  C:0A3DH         LINE#         224
  C:0A43H         LINE#         225
  C:0A43H         LINE#         226
  C:0A43H         LINE#         227
  C:0A45H         LINE#         228
  C:0A4BH         LINE#         229
  C:0A4BH         LINE#         230
  C:0A58H         LINE#         231
  C:0A58H         LINE#         232
  C:0A5EH         LINE#         233
  C:0A60H         LINE#         235
  C:0A60H         LINE#         236
  C:0A69H         LINE#         237
  C:0A69H         LINE#         238
  C:0A69H         LINE#         239
  C:0A6BH         LINE#         240
  C:0A7CH         LINE#         241
  C:0A7CH         LINE#         242
  C:0A8CH         LINE#         243
  C:0A8CH         LINE#         244
  C:0A95H         LINE#         245
  C:0A97H         LINE#         246
  C:0AA1H         LINE#         247
  C:0AA1H         LINE#         248
  C:0AA4H         LINE#         249
  C:0AA4H         LINE#         250
  C:0AA6H         LINE#         251
  C:0ABAH         LINE#         252
  C:0ABAH         LINE#         253
  C:0ABAH         LINE#         254
  C:0ABAH         LINE#         255
  C:0ABCH         LINE#         257
  C:0ABCH         LINE#         258
  C:0ABCH         LINE#         259
  C:0ABCH         LINE#         260
  C:0ABCH         LINE#         261
  C:0ABEH         LINE#         262
  C:0AC3H         LINE#         263
  C:0AC3H         LINE#         264
  C:0AD0H         LINE#         265
  C:0AD0H         LINE#         266
  C:0AD9H         LINE#         267
  C:0AD9H         LINE#         268
  C:0ADBH         LINE#         270
  C:0ADBH         LINE#         271
  C:0AF4H         LINE#         272
  C:0AF9H         LINE#         273
  C:0AF9H         LINE#         274
BL51 BANKED LINKER/LOCATER V6.22.2.0                                                  09/28/2022  13:50:18  PAGE 43


  C:0AFBH         LINE#         275
  C:0B00H         LINE#         276
  C:0B00H         LINE#         277
  C:0B0DH         LINE#         278
  C:0B0DH         LINE#         279
  C:0B16H         LINE#         280
  C:0B18H         LINE#         282
  C:0B18H         LINE#         283
  C:0B24H         LINE#         284
  C:0B24H         LINE#         285
  C:0B29H         LINE#         286
  C:0B2BH         LINE#         287
  C:0B30H         LINE#         288
  C:0B30H         LINE#         289
  C:0B44H         LINE#         290
  C:0B46H         LINE#         291
  C:0B4BH         LINE#         292
  C:0B4BH         LINE#         293
  C:0B54H         LINE#         294
  C:0B5CH         LINE#         295
  C:0B5CH         LINE#         300
  C:0B64H         LINE#         301
  C:0B6CH         LINE#         302
  C:0B74H         LINE#         303
  C:0B7CH         LINE#         304
  C:0B84H         LINE#         305
  C:0B8CH         LINE#         306
  C:0B94H         LINE#         307
  C:0B9CH         LINE#         308
  C:0BA4H         LINE#         309
  C:0BACH         LINE#         310
  C:0BB4H         LINE#         311
  C:0BBCH         LINE#         312
  C:0BC4H         LINE#         313
  C:0BCDH         LINE#         315
  C:0BCDH         LINE#         316
  C:0BCFH         LINE#         317
  -------         ENDPROC       SM_RUN
  -------         ENDMOD        STATE_MACHINE

  -------         MODULE        ?C?FPADD
  C:006DH         PUBLIC        ?C?FPADD
  C:0069H         PUBLIC        ?C?FPSUB
  -------         ENDMOD        ?C?FPADD

  -------         MODULE        ?C?FPMUL
  C:015EH         PUBLIC        ?C?FPMUL
  -------         ENDMOD        ?C?FPMUL

  -------         MODULE        ?C?FPDIV
  C:0267H         PUBLIC        ?C?FPDIV
  -------         ENDMOD        ?C?FPDIV

  -------         MODULE        ?C?FPCMP
  C:0306H         PUBLIC        ?C?FPCMP
  C:0304H         PUBLIC        ?C?FPCMP3
  -------         ENDMOD        ?C?FPCMP
BL51 BANKED LINKER/LOCATER V6.22.2.0                                                  09/28/2022  13:50:18  PAGE 44



  -------         MODULE        ?C?FCAST
  C:0387H         PUBLIC        ?C?FCASTC
  C:0382H         PUBLIC        ?C?FCASTI
  C:037DH         PUBLIC        ?C?FCASTL
  -------         ENDMOD        ?C?FCAST

  -------         MODULE        ?C?CASTF
  C:03BBH         PUBLIC        ?C?CASTF
  -------         ENDMOD        ?C?CASTF

  -------         MODULE        SQRT
  C:1495H         PUBLIC        _SQRT
  -------         ENDMOD        SQRT

  -------         MODULE        ?C?COPY
  C:050CH         PUBLIC        ?C?COPY
  -------         ENDMOD        ?C?COPY

  -------         MODULE        ?C?CLDOPTR
  C:0532H         PUBLIC        ?C?CLDOPTR
  -------         ENDMOD        ?C?CLDOPTR

  -------         MODULE        ?C?CSTPTR
  C:055FH         PUBLIC        ?C?CSTPTR
  -------         ENDMOD        ?C?CSTPTR

  -------         MODULE        ?C?CSTOPTR
  C:0571H         PUBLIC        ?C?CSTOPTR
  -------         ENDMOD        ?C?CSTOPTR

  -------         MODULE        ?C?UIDIV
  C:0593H         PUBLIC        ?C?UIDIV
  -------         ENDMOD        ?C?UIDIV

  -------         MODULE        ?C?IILDX
  C:05E8H         PUBLIC        ?C?IILDX
  -------         ENDMOD        ?C?IILDX

  -------         MODULE        ?C?LNEG
  C:05FEH         PUBLIC        ?C?LNEG
  -------         ENDMOD        ?C?LNEG

  -------         MODULE        ?C?LLDIDATA
  C:060CH         PUBLIC        ?C?LLDIDATA
  -------         ENDMOD        ?C?LLDIDATA

  -------         MODULE        ?C?LLDXDATA
  C:0618H         PUBLIC        ?C?LLDXDATA
  -------         ENDMOD        ?C?LLDXDATA

  -------         MODULE        ?C?LLDIDATA0
  C:0624H         PUBLIC        ?C?LLDIDATA0
  -------         ENDMOD        ?C?LLDIDATA0

  -------         MODULE        ?C?LLDXDATA0
  C:0631H         PUBLIC        ?C?LLDXDATA0
BL51 BANKED LINKER/LOCATER V6.22.2.0                                                  09/28/2022  13:50:18  PAGE 45


  -------         ENDMOD        ?C?LLDXDATA0

  -------         MODULE        ?C?LSTIDATA
  C:063DH         PUBLIC        ?C?LSTIDATA
  -------         ENDMOD        ?C?LSTIDATA

  -------         MODULE        ?C?LSTXDATA
  C:0649H         PUBLIC        ?C?LSTXDATA
  -------         ENDMOD        ?C?LSTXDATA

  -------         MODULE        ?C?LSTKXDATA
  C:0655H         PUBLIC        ?C?LSTKXDATA
  -------         ENDMOD        ?C?LSTKXDATA

  -------         MODULE        ?C?PLDXDATA
  C:0686H         PUBLIC        ?C?PLDXDATA
  -------         ENDMOD        ?C?PLDXDATA

  -------         MODULE        ?C?PSTXDATA
  C:068FH         PUBLIC        ?C?PSTXDATA
  -------         ENDMOD        ?C?PSTXDATA



FUNCTION REGISTER MASKS


FUNCTION . . . . . . . . . . REG MASK
-------------------------------------

ADC_INIT . . . . . . . . . . @0xe300
ALS_DATA_READ. . . . . . . . @0xf01f
DELAY2US . . . . . . . . . . @0xc001
EEPROM_INIT. . . . . . . . . @0xc000
EXTI_INIT. . . . . . . . . . @0xc000
IIC_INIT . . . . . . . . . . @0xe301
IIC_READBYTE . . . . . . . . @0xf007
IIC_START. . . . . . . . . . @0xc001
IIC_STOP . . . . . . . . . . @0xc001
IIC_WAITRESP . . . . . . . . @0xf003
INT0_ROUTINE . . . . . . . . @0xe303
INT1_ROUTINE . . . . . . . . @0xf37f
INT2_ROUTINE . . . . . . . . @0xf37f
LED_CONFIG . . . . . . . . . @0xe30d
OLED_INIT. . . . . . . . . . @0xf03f
RCC_INIT . . . . . . . . . . @0xe300
SM_INIT. . . . . . . . . . . @0xf7ff
T2_INIT. . . . . . . . . . . @0xe300
T2_ISR . . . . . . . . . . . @0xf300
VEML7700_INIT. . . . . . . . @0xf07f
_ADC_CONVERT . . . . . . . . @0xf00f
_ADDR_MODE_SET . . . . . . . @0xf01f
_ALS_GAIN. . . . . . . . . . @0xf07f
_ALS_INT_EN. . . . . . . . . @0xf07f
_ALS_IT. . . . . . . . . . . @0xf47f
_ALS_SD. . . . . . . . . . . @0xf07f
_CHARGE_PUMP_SET . . . . . . @0xf01f
BL51 BANKED LINKER/LOCATER V6.22.2.0                                                  09/28/2022  13:50:18  PAGE 46


_COL_ADDR_SET. . . . . . . . @0xf03f
_COM_PIN_HW_CONFIG . . . . . @0xf01f
_COM_SCAN_DIR_SET. . . . . . @0xf00f
_CONTRAST_SET. . . . . . . . @0xf01f
_DCLK_FOSC_SET . . . . . . . @0xf03f
_DELAYXMS. . . . . . . . . . @0xf00f
_DISP_NOR_INV. . . . . . . . @0xf00f
_DISP_OFFSET_SET . . . . . . @0xf01f
_DISP_ON_OFF . . . . . . . . @0xf00f
_DISP_START_LINE_SET . . . . @0xf00f
_EEPROM_READ . . . . . . . . @0xf78f
_EEPROM_WRITE. . . . . . . . @0xf78f
_ENTIRE_DISP_ON_OFF. . . . . @0xf00f
_IIC_RESP. . . . . . . . . . @0xe00d
_IIC_WRITEBYTE . . . . . . . @0xf007
_LED_BLINK . . . . . . . . . @0xf33f
_MUX_SET . . . . . . . . . . @0xf01f
_OLED_DISP . . . . . . . . . @0xf7ff
_PAGE_ADDR_SET . . . . . . . @0xf03f
_PRE_CHARGE_PERIOD_SET . . . @0xf03f
_PSM_EN. . . . . . . . . . . @0xf07f
_SEG_RE_MAP. . . . . . . . . @0xf00f
_VCOMH_DESELECT_LEVEL_SET. . @0xf01f

Program Size: data=85.0 xdata=309 code=8159
LINK/LOCATE RUN COMPLETE.  0 WARNING(S),  0 ERROR(S)
